{"logTime": "0310/154957", "correlationVector":"FhfnjFvg6TkeA7pVXKKnax.1","action":"SyncServerConnectionManagerRequest", "result":"SYNC_SERVER_OK", "context":{"environment":"Prod_westus_prod-s01-081-nam-westus", "migrationStage":"NotStarted", "server":"akswtt10200000b"}}
{"logTime": "0310/154957", "correlationVector":"FhfnjFvg6TkeA7pVXKKnax.2","action":"ProcessGetUpdates", "result":"Done", "context":{"dataType":"Encryption Keys", "deleted":"0", "process_failed_to_decrypt":"0", "process_pending_decryption":"0", "process_success":"1", "total":"1"}}
{"logTime": "0310/154958", "correlationVector":"Y3g8h305Uo3leyWBWCQHty","action":"SyncServerConnectionManagerRequest", "result":"SYNC_SERVER_OK", "context":{"environment":"", "migrationStage":"", "server":""}}
{"logTime": "0310/154958", "correlationVector":"Y3g8h305Uo3leyWBWCQHty.0","action":"EncryptionKeysFetcher.DownloadKeys:", "result":"Success", "context":Key count: 2, Last key timestamp: 2026-01-22T20:25:41Z}
{"logTime": "0310/154958", "correlationVector":"Y3g8h305Uo3leyWBWCQHty.1","action":"EncryptionKeysManager::SetEncryptionKeys:", "result":"Success", "context":Key names[2]:[6bFXpfPUA+JCEMldgSaRm/0aQaj24ckWwItej4BdcxHZAtcE14ooJZDb90aWv0UZ8QVjE8cTHa8OmPTTuv3huA==][2qhBunoxi7opxLReNzTZoN+rvT34HkaVWHXp2kdD5BwdQPH8qO0M+bqcGBvL+wIQjJFNDeQ9jFjawtLYcocahA==]}
{"logTime": "0310/154958", "correlationVector":"Y3g8h305Uo3leyWBWCQHty.2","action":"EncryptionKeysManager::SetEncryptionKeysWithTimestamps:", "result":"Success", "context":Key timestamps[2]:[2025-09-27T18:34:57Z][2026-01-22T20:25:41Z]}
{"logTime": "0310/154958", "correlationVector":"FhfnjFvg6TkeA7pVXKKnax","action":"Initial GetUpdates", "result":"", "context":Reason: NEW_CLIENT. cV=FhfnjFvg6TkeA7pVXKKnax}
{"logTime": "0310/154958", "correlationVector":"FhfnjFvg6TkeA7pVXKKnax.3","action":"GetUpdates Response", "result":"Success", "context":Received 1 update(s). cV=FhfnjFvg6TkeA7pVXKKnax.0;server=akswtt10200000b;cloudType=Consumer;environment=Prod_westus_prod-s01-081-nam-westus;migrationStage=NotStarted}
{"logTime": "0310/154958", "correlationVector":"YWRCF4yUVstFFg+5tGfPqi","action":"Initial GetUpdates", "result":"", "context":Reason: NEWLY_SUPPORTED_DATATYPE. cV=YWRCF4yUVstFFg+5tGfPqi}
{"logTime": "0310/154958", "correlationVector":"YWRCF4yUVstFFg+5tGfPqi.1","action":"SyncServerConnectionManagerRequest", "result":"SYNC_SERVER_OK", "context":{"environment":"Prod_westus_prod-s01-081-nam-westus", "migrationStage":"NotStarted", "server":"akswtt10200000q"}}
{"logTime": "0310/154958", "correlationVector":"YWRCF4yUVstFFg+5tGfPqi.2","action":"ProcessGetUpdates", "result":"Done", "context":{"dataType":"Device Info", "deleted":"0", "process_failed_to_decrypt":"0", "process_pending_decryption":"0", "process_success":"4", "total":"4"}}
{"logTime": "0310/154958", "correlationVector":"YWRCF4yUVstFFg+5tGfPqi.3","action":"GetUpdates Response", "result":"Success", "context":Received 4 update(s). cV=YWRCF4yUVstFFg+5tGfPqi.0;server=akswtt10200000q;cloudType=Consumer;environment=Prod_westus_prod-s01-081-nam-westus;migrationStage=NotStarted}
{"logTime": "0310/154958", "correlationVector":"dAoV+88zVTQwg7pI2RLFMr","action":"Initial GetUpdates", "result":"", "context":Reason: NEWLY_SUPPORTED_DATATYPE. cV=dAoV+88zVTQwg7pI2RLFMr}
{"logTime": "0310/154958", "correlationVector":"dAoV+88zVTQwg7pI2RLFMr.1","action":"SyncServerConnectionManagerRequest", "result":"SYNC_SERVER_OK", "context":{"environment":"Prod_centralus_prod-s01-068-nam-centralus", "migrationStage":"NotStarted", "server":"akswtt002000034"}}
{"logTime": "0310/154958", "correlationVector":"dAoV+88zVTQwg7pI2RLFMr.2","action":"ProcessGetUpdates", "result":"Done", "context":{"dataType":"Extensions", "deleted":"0", "process_failed_to_decrypt":"0", "process_pending_decryption":"0", "process_success":"10", "total":"10"}}
{"logTime": "0310/154958", "correlationVector":"dAoV+88zVTQwg7pI2RLFMr.3","action":"ProcessGetUpdates", "result":"Done", "context":{"dataType":"Extension settings", "deleted":"0", "process_failed_to_decrypt":"0", "process_pending_decryption":"0", "process_success":"2", "total":"2"}}
{"logTime": "0310/154958", "correlationVector":"dAoV+88zVTQwg7pI2RLFMr.4","action":"ProcessGetUpdates", "result":"Done", "context":{"dataType":"Web Apps", "deleted":"0", "process_failed_to_decrypt":"0", "process_pending_decryption":"0", "process_success":"1", "total":"1"}}
{"logTime": "0310/154958", "correlationVector":"dAoV+88zVTQwg7pI2RLFMr.5","action":"GetUpdates Response", "result":"Success", "context":Received 13 update(s). cV=dAoV+88zVTQwg7pI2RLFMr.0;server=akswtt002000034;cloudType=Consumer;environment=Prod_centralus_prod-s01-068-nam-centralus;migrationStage=NotStarted}
{"logTime": "0310/154958", "correlationVector":"1kBPO28qoXDtlXsy9eusmL","action":"Normal GetUpdate request", "result":"", "context":cV=1kBPO28qoXDtlXsy9eusmL
Nudged types: Device Info
Refresh requested types: Extensions, Extension settings, Device Info, User Consents, Send Tab To Self, Web Apps, Encryption Keys}
{"logTime": "0310/154959", "correlationVector":"1kBPO28qoXDtlXsy9eusmL.1","action":"SyncServerConnectionManagerRequest", "result":"SYNC_SERVER_OK", "context":{"environment":"Prod_centralus_prod-s01-068-nam-centralus", "migrationStage":"NotStarted", "server":"akswtt00200001y"}}
{"logTime": "0310/154959", "correlationVector":"1kBPO28qoXDtlXsy9eusmL.2","action":"GetUpdates Response", "result":"Success", "context":Received 0 update(s). cV=1kBPO28qoXDtlXsy9eusmL.0;server=akswtt00200001y;cloudType=Consumer;environment=Prod_centralus_prod-s01-068-nam-centralus;migrationStage=NotStarted}
{"logTime": "0310/154959", "correlationVector":"owDBikEKxXBdZq4dMlJnz+","action":"DoCompareDataConsistency requsted types: ", "result":"Extensions, Extension settings, Send Tab To Self, Web Apps, Encryption Keys"}
{"logTime": "0310/154959", "correlationVector":"owDBikEKxXBdZq4dMlJnz+.0","action":"CompareDataConsistency result: ", "result":"Compare result: Encryption Keys is consistent. local entities count is: 1 local entities hash is: TQsTbTvD+PtUGuDABfrhc89QZHc="}
{"logTime": "0310/154959", "correlationVector":"owDBikEKxXBdZq4dMlJnz+.1","action":"CompareDataConsistency result: ", "result":"Compare result: Extensions is consistent. local entities count is: 10 local entities hash is: Z9jlKM4WqOmaBSZF5lYpGMWh9/E="}
{"logTime": "0310/154959", "correlationVector":"owDBikEKxXBdZq4dMlJnz+.2","action":"CompareDataConsistency result: ", "result":"Compare result: Extension settings is consistent. local entities count is: 2 local entities hash is: vb/tO1bWvlUkudDqup9qz88dLiM="}
{"logTime": "0310/154959", "correlationVector":"owDBikEKxXBdZq4dMlJnz+.3","action":"CompareDataConsistency result: ", "result":"Server did not send this Send Tab To Self local entities count is: 0 local entities hash is: "}
{"logTime": "0310/154959", "correlationVector":"owDBikEKxXBdZq4dMlJnz+.4","action":"CompareDataConsistency result: ", "result":"Compare result: Web Apps is consistent. local entities count is: 1 local entities hash is: Ce9QA+ELAInJW5oaUpThAKMwNhs="}
{"logTime": "0310/154959", "correlationVector":"dt3wpCagLqKQb/yPguFU5y","action":"Commit Request", "result":"", "context":Item count: 1
Contributing types: Device Info}
{"logTime": "0310/154959", "correlationVector":"dt3wpCagLqKQb/yPguFU5y.1","action":"SyncServerConnectionManagerRequest", "result":"SYNC_SERVER_OK", "context":{"environment":"Prod_westus_prod-s01-081-nam-westus", "migrationStage":"NotStarted", "server":"akswtt102000010"}}
{"logTime": "0310/154959", "correlationVector":"dt3wpCagLqKQb/yPguFU5y.2","action":"Commit Response", "result":"Success", "context":Result: Success. cV=dt3wpCagLqKQb/yPguFU5y.0;server=akswtt102000010;cloudType=Consumer;environment=Prod_westus_prod-s01-081-nam-westus;migrationStage=NotStarted}
{"logTime": "0310/154959", "correlationVector":"","action":"DIAGNOSTIC_REQUEST|v1/diagnosticData/Diagnostic.SendCheckResult()|SUCCESS", "result":""}
{"logTime": "0310/155000", "correlationVector":"WGl5dZ6IgQ7ai949olRBgL","action":"Initial GetUpdates", "result":"", "context":Reason: RECONFIGURATION. cV=WGl5dZ6IgQ7ai949olRBgL}
{"logTime": "0310/155000", "correlationVector":"WGl5dZ6IgQ7ai949olRBgL.1","action":"SyncServerConnectionManagerRequest", "result":"SYNC_SERVER_OK", "context":{"environment":"Prod_centralus_prod-s01-068-nam-centralus", "migrationStage":"NotStarted", "server":"akswtt00200001d"}}
{"logTime": "0310/155000", "correlationVector":"WGl5dZ6IgQ7ai949olRBgL.2","action":"ProcessGetUpdates", "result":"Done", "context":{"dataType":"Preferences", "deleted":"0", "process_failed_to_decrypt":"0", "process_pending_decryption":"0", "process_success":"70", "total":"70"}}
{"logTime": "0310/155000", "correlationVector":"WGl5dZ6IgQ7ai949olRBgL.3","action":"ProcessGetUpdates", "result":"Done", "context":{"dataType":"Passwords", "deleted":"0", "process_failed_to_decrypt":"0", "process_pending_decryption":"0", "process_success":"25", "total":"25"}}
{"logTime": "0310/155000", "correlationVector":"WGl5dZ6IgQ7ai949olRBgL.4","action":"ProcessGetUpdates", "result":"Done", "context":{"dataType":"Device Info", "deleted":"0", "process_failed_to_decrypt":"0", "process_pending_decryption":"0", "process_success":"5", "total":"5"}}
{"logTime": "0310/155000", "correlationVector":"WGl5dZ6IgQ7ai949olRBgL.5","action":"GetUpdates Response", "result":"Success", "context":Received 100 update(s). cV=WGl5dZ6IgQ7ai949olRBgL.0;server=akswtt00200001d;cloudType=Consumer;environment=Prod_centralus_prod-s01-068-nam-centralus;migrationStage=NotStarted}
{"logTime": "0310/155000", "correlationVector":"IxfW21Oal6VtVY78sYtWBG","action":"Initial GetUpdates", "result":"", "context":Reason: RECONFIGURATION. cV=IxfW21Oal6VtVY78sYtWBG}
{"logTime": "0310/155005", "correlationVector":"IxfW21Oal6VtVY78sYtWBG.1","action":"SyncServerConnectionManagerRequest", "result":"SYNC_SERVER_OK", "context":{"environment":"Prod_centralus_prod-s01-068-nam-centralus", "migrationStage":"NotStarted", "server":"akswtt00200002m"}}
{"logTime": "0310/155005", "correlationVector":"IxfW21Oal6VtVY78sYtWBG.2","action":"ProcessGetUpdates", "result":"Done", "context":{"dataType":"Bookmarks", "deleted":"0", "process_failed_to_decrypt":"0", "process_pending_decryption":"0", "process_success":"11", "total":"11"}}
{"logTime": "0310/155005", "correlationVector":"IxfW21Oal6VtVY78sYtWBG.3","action":"GetUpdates Response", "result":"Success", "context":Received 11 update(s). cV=IxfW21Oal6VtVY78sYtWBG.0;server=akswtt00200002m;cloudType=Consumer;environment=Prod_centralus_prod-s01-068-nam-centralus;migrationStage=NotStarted}
{"logTime": "0310/155005", "correlationVector":"OUR+6LnE9wqrLWAkmTFfLo","action":"Initial GetUpdates", "result":"", "context":Reason: RECONFIGURATION. cV=OUR+6LnE9wqrLWAkmTFfLo}
{"logTime": "0310/155006", "correlationVector":"OUR+6LnE9wqrLWAkmTFfLo.1","action":"SyncServerConnectionManagerRequest", "result":"SYNC_SERVER_OK", "context":{"environment":"Prod_centralus_prod-s01-068-nam-centralus", "migrationStage":"NotStarted", "server":"akswtt002000035"}}
{"logTime": "0310/155006", "correlationVector":"OUR+6LnE9wqrLWAkmTFfLo.2","action":"ProcessGetUpdates", "result":"Done", "context":{"dataType":"Autofill Profiles", "deleted":"0", "process_failed_to_decrypt":"0", "process_pending_decryption":"0", "process_success":"1", "total":"1"}}
{"logTime": "0310/155006", "correlationVector":"OUR+6LnE9wqrLWAkmTFfLo.3","action":"ProcessGetUpdates", "result":"Done", "context":{"dataType":"Autofill", "deleted":"0", "process_failed_to_decrypt":"0", "process_pending_decryption":"0", "process_success":"97", "total":"97"}}
{"logTime": "0310/155006", "correlationVector":"OUR+6LnE9wqrLWAkmTFfLo.4","action":"ProcessGetUpdates", "result":"Done", "context":{"dataType":"Extensions", "deleted":"0", "process_failed_to_decrypt":"0", "process_pending_decryption":"0", "process_success":"6", "total":"6"}}
{"logTime": "0310/155006", "correlationVector":"OUR+6LnE9wqrLWAkmTFfLo.5","action":"ProcessGetUpdates", "result":"Done", "context":{"dataType":"Sessions", "deleted":"130", "process_failed_to_decrypt":"0", "process_pending_decryption":"0", "process_success":"130", "total":"130"}}
{"logTime": "0310/155006", "correlationVector":"OUR+6LnE9wqrLWAkmTFfLo.6","action":"ProcessGetUpdates", "result":"Done", "context":{"dataType":"Extension settings", "deleted":"0", "process_failed_to_decrypt":"0", "process_pending_decryption":"0", "process_success":"2", "total":"2"}}
{"logTime": "0310/155006", "correlationVector":"OUR+6LnE9wqrLWAkmTFfLo.7","action":"ProcessGetUpdates", "result":"Done", "context":{"dataType":"Web Apps", "deleted":"0", "process_failed_to_decrypt":"0", "process_pending_decryption":"0", "process_success":"1", "total":"1"}}
{"logTime": "0310/155006", "correlationVector":"OUR+6LnE9wqrLWAkmTFfLo.8","action":"ProcessGetUpdates", "result":"Done", "context":{"dataType":"Edge Hub App Usage", "deleted":"5", "process_failed_to_decrypt":"0", "process_pending_decryption":"0", "process_success":"13", "total":"13"}}
{"logTime": "0310/155006", "correlationVector":"OUR+6LnE9wqrLWAkmTFfLo.9","action":"GetUpdates Response", "result":"Success", "context":Received 250 update(s). cV=OUR+6LnE9wqrLWAkmTFfLo.0;server=akswtt002000035;cloudType=Consumer;environment=Prod_centralus_prod-s01-068-nam-centralus;migrationStage=NotStarted Some updates remain.}
{"logTime": "0310/155006", "correlationVector":"YZIpgG+1lKAtCsdcfRLcKa","action":"Initial GetUpdates", "result":"", "context":Reason: RECONFIGURATION. cV=YZIpgG+1lKAtCsdcfRLcKa}
{"logTime": "0310/155006", "correlationVector":"YZIpgG+1lKAtCsdcfRLcKa.1","action":"SyncServerConnectionManagerRequest", "result":"SYNC_SERVER_OK", "context":{"environment":"Prod_centralus_prod-s01-068-nam-centralus", "migrationStage":"NotStarted", "server":"akswtt00200000e"}}
{"logTime": "0310/155006", "correlationVector":"YZIpgG+1lKAtCsdcfRLcKa.2","action":"ProcessGetUpdates", "result":"Done", "context":{"dataType":"Autofill Profiles", "deleted":"0", "process_failed_to_decrypt":"0", "process_pending_decryption":"0", "process_success":"1", "total":"1"}}
{"logTime": "0310/155006", "correlationVector":"YZIpgG+1lKAtCsdcfRLcKa.3","action":"ProcessGetUpdates", "result":"Done", "context":{"dataType":"Autofill", "deleted":"0", "process_failed_to_decrypt":"0", "process_pending_decryption":"0", "process_success":"26", "total":"26"}}
{"logTime": "0310/155006", "correlationVector":"YZIpgG+1lKAtCsdcfRLcKa.4","action":"ProcessGetUpdates", "result":"Done", "context":{"dataType":"Sessions", "deleted":"214", "process_failed_to_decrypt":"0", "process_pending_decryption":"0", "process_success":"214", "total":"214"}}
{"logTime": "0310/155006", "correlationVector":"YZIpgG+1lKAtCsdcfRLcKa.5","action":"ProcessGetUpdates", "result":"Done", "context":{"dataType":"Edge Hub App Usage", "deleted":"0", "process_failed_to_decrypt":"0", "process_pending_decryption":"0", "process_success":"9", "total":"9"}}
{"logTime": "0310/155006", "correlationVector":"YZIpgG+1lKAtCsdcfRLcKa.6","action":"GetUpdates Response", "result":"Success", "context":Received 250 update(s). cV=YZIpgG+1lKAtCsdcfRLcKa.0;server=akswtt00200000e;cloudType=Consumer;environment=Prod_centralus_prod-s01-068-nam-centralus;migrationStage=NotStarted Some updates remain.}
{"logTime": "0310/155006", "correlationVector":"gVSfAsXwhvDUD+UPTWt9j2","action":"Initial GetUpdates", "result":"", "context":Reason: RECONFIGURATION. cV=gVSfAsXwhvDUD+UPTWt9j2}
{"logTime": "0310/155007", "correlationVector":"gVSfAsXwhvDUD+UPTWt9j2.1","action":"SyncServerConnectionManagerRequest", "result":"SYNC_SERVER_OK", "context":{"environment":"Prod_westus_prod-s01-081-nam-westus", "migrationStage":"NotStarted", "server":"akswtt102000010"}}
{"logTime": "0310/155007", "correlationVector":"gVSfAsXwhvDUD+UPTWt9j2.2","action":"ProcessGetUpdates", "result":"Done", "context":{"dataType":"Autofill", "deleted":"0", "process_failed_to_decrypt":"0", "process_pending_decryption":"0", "process_success":"24", "total":"24"}}
{"logTime": "0310/155007", "correlationVector":"gVSfAsXwhvDUD+UPTWt9j2.3","action":"ProcessGetUpdates", "result":"Done", "context":{"dataType":"Extensions", "deleted":"0", "process_failed_to_decrypt":"0", "process_pending_decryption":"0", "process_success":"1", "total":"1"}}
{"logTime": "0310/155007", "correlationVector":"gVSfAsXwhvDUD+UPTWt9j2.4","action":"ProcessGetUpdates", "result":"Done", "context":{"dataType":"Sessions", "deleted":"205", "process_failed_to_decrypt":"0", "process_pending_decryption":"0", "process_success":"205", "total":"205"}}
{"logTime": "0310/155007", "correlationVector":"gVSfAsXwhvDUD+UPTWt9j2.5","action":"ProcessGetUpdates", "result":"Done", "context":{"dataType":"Saved Tab Group", "deleted":"3", "process_failed_to_decrypt":"0", "process_pending_decryption":"0", "process_success":"6", "total":"6"}}
{"logTime": "0310/155007", "correlationVector":"gVSfAsXwhvDUD+UPTWt9j2.6","action":"ProcessGetUpdates", "result":"Done", "context":{"dataType":"Edge Hub App Usage", "deleted":"1", "process_failed_to_decrypt":"0", "process_pending_decryption":"0", "process_success":"14", "total":"14"}}
{"logTime": "0310/155007", "correlationVector":"gVSfAsXwhvDUD+UPTWt9j2.7","action":"GetUpdates Response", "result":"Success", "context":Received 250 update(s). cV=gVSfAsXwhvDUD+UPTWt9j2.0;server=akswtt102000010;cloudType=Consumer;environment=Prod_westus_prod-s01-081-nam-westus;migrationStage=NotStarted Some updates remain.}
{"logTime": "0310/155007", "correlationVector":"cXkEzxal9gtnaGQULEvGaW","action":"Initial GetUpdates", "result":"", "context":Reason: RECONFIGURATION. cV=cXkEzxal9gtnaGQULEvGaW}
{"logTime": "0310/155007", "correlationVector":"cXkEzxal9gtnaGQULEvGaW.1","action":"SyncServerConnectionManagerRequest", "result":"SYNC_SERVER_OK", "context":{"environment":"Prod_centralus_prod-s01-068-nam-centralus", "migrationStage":"NotStarted", "server":"akswtt002000026"}}
{"logTime": "0310/155007", "correlationVector":"cXkEzxal9gtnaGQULEvGaW.2","action":"ProcessGetUpdates", "result":"Done", "context":{"dataType":"Autofill", "deleted":"0", "process_failed_to_decrypt":"0", "process_pending_decryption":"0", "process_success":"42", "total":"42"}}
{"logTime": "0310/155007", "correlationVector":"cXkEzxal9gtnaGQULEvGaW.3","action":"ProcessGetUpdates", "result":"Done", "context":{"dataType":"Extensions", "deleted":"0", "process_failed_to_decrypt":"0", "process_pending_decryption":"0", "process_success":"2", "total":"2"}}
{"logTime": "0310/155007", "correlationVector":"cXkEzxal9gtnaGQULEvGaW.4","action":"ProcessGetUpdates", "result":"Done", "context":{"dataType":"Sessions", "deleted":"192", "process_failed_to_decrypt":"0", "process_pending_decryption":"0", "process_success":"192", "total":"192"}}
{"logTime": "0310/155007", "correlationVector":"cXkEzxal9gtnaGQULEvGaW.5","action":"ProcessGetUpdates", "result":"Done", "context":{"dataType":"Edge Hub App Usage", "deleted":"0", "process_failed_to_decrypt":"0", "process_pending_decryption":"0", "process_success":"14", "total":"14"}}
{"logTime": "0310/155007", "correlationVector":"cXkEzxal9gtnaGQULEvGaW.6","action":"GetUpdates Response", "result":"Success", "context":Received 250 update(s). cV=cXkEzxal9gtnaGQULEvGaW.0;server=akswtt002000026;cloudType=Consumer;environment=Prod_centralus_prod-s01-068-nam-centralus;migrationStage=NotStarted Some updates remain.}
{"logTime": "0310/155007", "correlationVector":"/HxaE8SMJ/5VyMwwP6PNiD","action":"Initial GetUpdates", "result":"", "context":Reason: RECONFIGURATION. cV=/HxaE8SMJ/5VyMwwP6PNiD}
{"logTime": "0310/155008", "correlationVector":"/HxaE8SMJ/5VyMwwP6PNiD.1","action":"SyncServerConnectionManagerRequest", "result":"SYNC_SERVER_OK", "context":{"environment":"Prod_centralus_prod-s01-068-nam-centralus", "migrationStage":"NotStarted", "server":"akswtt00200000e"}}
{"logTime": "0310/155008", "correlationVector":"/HxaE8SMJ/5VyMwwP6PNiD.2","action":"ProcessGetUpdates", "result":"Done", "context":{"dataType":"Autofill Profiles", "deleted":"0", "process_failed_to_decrypt":"0", "process_pending_decryption":"0", "process_success":"1", "total":"1"}}
{"logTime": "0310/155008", "correlationVector":"/HxaE8SMJ/5VyMwwP6PNiD.3","action":"ProcessGetUpdates", "result":"Done", "context":{"dataType":"Autofill", "deleted":"0", "process_failed_to_decrypt":"0", "process_pending_decryption":"0", "process_success":"56", "total":"56"}}
{"logTime": "0310/155008", "correlationVector":"/HxaE8SMJ/5VyMwwP6PNiD.4","action":"ProcessGetUpdates", "result":"Done", "context":{"dataType":"Sessions", "deleted":"181", "process_failed_to_decrypt":"0", "process_pending_decryption":"0", "process_success":"181", "total":"181"}}
{"logTime": "0310/155008", "correlationVector":"/HxaE8SMJ/5VyMwwP6PNiD.5","action":"ProcessGetUpdates", "result":"Done", "context":{"dataType":"Saved Tab Group", "deleted":"2", "process_failed_to_decrypt":"0", "process_pending_decryption":"0", "process_success":"2", "total":"2"}}
{"logTime": "0310/155008", "correlationVector":"/HxaE8SMJ/5VyMwwP6PNiD.6","action":"ProcessGetUpdates", "result":"Done", "context":{"dataType":"WebAuthn Credentials", "deleted":"0", "process_failed_to_decrypt":"0", "process_pending_decryption":"0", "process_success":"1", "total":"1"}}
{"logTime": "0310/155008", "correlationVector":"/HxaE8SMJ/5VyMwwP6PNiD.7","action":"ProcessGetUpdates", "result":"Done", "context":{"dataType":"Edge Hub App Usage", "deleted":"0", "process_failed_to_decrypt":"0", "process_pending_decryption":"0", "process_success":"9", "total":"9"}}
{"logTime": "0310/155008", "correlationVector":"/HxaE8SMJ/5VyMwwP6PNiD.8","action":"GetUpdates Response", "result":"Success", "context":Received 250 update(s). cV=/HxaE8SMJ/5VyMwwP6PNiD.0;server=akswtt00200000e;cloudType=Consumer;environment=Prod_centralus_prod-s01-068-nam-centralus;migrationStage=NotStarted Some updates remain.}
{"logTime": "0310/155008", "correlationVector":"uXhoPuO6hQAARQkRVbGDgb","action":"Initial GetUpdates", "result":"", "context":Reason: RECONFIGURATION. cV=uXhoPuO6hQAARQkRVbGDgb}
{"logTime": "0310/155008", "correlationVector":"uXhoPuO6hQAARQkRVbGDgb.1","action":"SyncServerConnectionManagerRequest", "result":"SYNC_SERVER_OK", "context":{"environment":"Prod_westus_prod-s01-081-nam-westus", "migrationStage":"NotStarted", "server":"akswtt10200000b"}}
{"logTime": "0310/155008", "correlationVector":"uXhoPuO6hQAARQkRVbGDgb.2","action":"ProcessGetUpdates", "result":"Done", "context":{"dataType":"Autofill Profiles", "deleted":"0", "process_failed_to_decrypt":"0", "process_pending_decryption":"0", "process_success":"1", "total":"1"}}
{"logTime": "0310/155008", "correlationVector":"uXhoPuO6hQAARQkRVbGDgb.3","action":"ProcessGetUpdates", "result":"Done", "context":{"dataType":"Autofill", "deleted":"0", "process_failed_to_decrypt":"0", "process_pending_decryption":"0", "process_success":"16", "total":"16"}}
{"logTime": "0310/155008", "correlationVector":"uXhoPuO6hQAARQkRVbGDgb.4","action":"ProcessGetUpdates", "result":"Done", "context":{"dataType":"Extensions", "deleted":"0", "process_failed_to_decrypt":"0", "process_pending_decryption":"0", "process_success":"1", "total":"1"}}
{"logTime": "0310/155008", "correlationVector":"uXhoPuO6hQAARQkRVbGDgb.5","action":"ProcessGetUpdates", "result":"Done", "context":{"dataType":"Sessions", "deleted":"141", "process_failed_to_decrypt":"0", "process_pending_decryption":"0", "process_success":"158", "total":"158"}}
{"logTime": "0310/155008", "correlationVector":"uXhoPuO6hQAARQkRVbGDgb.6","action":"ProcessGetUpdates", "result":"Done", "context":{"dataType":"Saved Tab Group", "deleted":"0", "process_failed_to_decrypt":"0", "process_pending_decryption":"0", "process_success":"3", "total":"3"}}
{"logTime": "0310/155008", "correlationVector":"uXhoPuO6hQAARQkRVbGDgb.7","action":"ProcessGetUpdates", "result":"Done", "context":{"dataType":"Edge Hub App Usage", "deleted":"0", "process_failed_to_decrypt":"0", "process_pending_decryption":"0", "process_success":"5", "total":"5"}}
{"logTime": "0310/155008", "correlationVector":"uXhoPuO6hQAARQkRVbGDgb.8","action":"GetUpdates Response", "result":"Success", "context":Received 184 update(s). cV=uXhoPuO6hQAARQkRVbGDgb.0;server=akswtt10200000b;cloudType=Consumer;environment=Prod_westus_prod-s01-081-nam-westus;migrationStage=NotStarted}
{"logTime": "0310/155008", "correlationVector":"G6ou7ln6JdNmR9HXWykslQ","action":"Initial GetUpdates", "result":"", "context":Reason: RECONFIGURATION. cV=G6ou7ln6JdNmR9HXWykslQ}
{"logTime": "0310/155010", "correlationVector":"G6ou7ln6JdNmR9HXWykslQ.1","action":"SyncServerConnectionManagerRequest", "result":"SYNC_SERVER_OK", "context":{"environment":"Prod_westus_prod-s01-081-nam-westus", "migrationStage":"NotStarted", "server":"akswtt10200000k"}}
{"logTime": "0310/155010", "correlationVector":"G6ou7ln6JdNmR9HXWykslQ.2","action":"ProcessGetUpdates", "result":"Done", "context":{"dataType":"History", "deleted":"0", "process_failed_to_decrypt":"0", "process_pending_decryption":"0", "process_success":"250", "total":"250"}}
{"logTime": "0310/155010", "correlationVector":"G6ou7ln6JdNmR9HXWykslQ.3","action":"GetUpdates Response", "result":"Success", "context":Received 250 update(s). cV=G6ou7ln6JdNmR9HXWykslQ.0;server=akswtt10200000k;cloudType=Consumer;environment=Prod_westus_prod-s01-081-nam-westus;migrationStage=NotStarted Some updates remain.}
{"logTime": "0310/155010", "correlationVector":"Y+NUJyXKQRW9JE7svc4sGe","action":"Initial GetUpdates", "result":"", "context":Reason: RECONFIGURATION. cV=Y+NUJyXKQRW9JE7svc4sGe}
{"logTime": "0310/155011", "correlationVector":"Y+NUJyXKQRW9JE7svc4sGe.1","action":"SyncServerConnectionManagerRequest", "result":"SYNC_SERVER_OK", "context":{"environment":"Prod_westus_prod-s01-081-nam-westus", "migrationStage":"NotStarted", "server":"akswtt10200001u"}}
{"logTime": "0310/155011", "correlationVector":"Y+NUJyXKQRW9JE7svc4sGe.2","action":"ProcessGetUpdates", "result":"Done", "context":{"dataType":"History", "deleted":"0", "process_failed_to_decrypt":"0", "process_pending_decryption":"0", "process_success":"250", "total":"250"}}
{"logTime": "0310/155011", "correlationVector":"Y+NUJyXKQRW9JE7svc4sGe.3","action":"GetUpdates Response", "result":"Success", "context":Received 250 update(s). cV=Y+NUJyXKQRW9JE7svc4sGe.0;server=akswtt10200001u;cloudType=Consumer;environment=Prod_westus_prod-s01-081-nam-westus;migrationStage=NotStarted Some updates remain.}
{"logTime": "0310/155011", "correlationVector":"mDAiUE+vDC6M0DcJ4wV63Q","action":"Initial GetUpdates", "result":"", "context":Reason: RECONFIGURATION. cV=mDAiUE+vDC6M0DcJ4wV63Q}
{"logTime": "0310/155012", "correlationVector":"mDAiUE+vDC6M0DcJ4wV63Q.1","action":"SyncServerConnectionManagerRequest", "result":"SYNC_SERVER_OK", "context":{"environment":"Prod_centralus_prod-s01-068-nam-centralus", "migrationStage":"NotStarted", "server":"akswtt002000000"}}
{"logTime": "0310/155012", "correlationVector":"mDAiUE+vDC6M0DcJ4wV63Q.2","action":"ProcessGetUpdates", "result":"Done", "context":{"dataType":"History", "deleted":"0", "process_failed_to_decrypt":"0", "process_pending_decryption":"0", "process_success":"250", "total":"250"}}
{"logTime": "0310/155012", "correlationVector":"mDAiUE+vDC6M0DcJ4wV63Q.3","action":"GetUpdates Response", "result":"Success", "context":Received 250 update(s). cV=mDAiUE+vDC6M0DcJ4wV63Q.0;server=akswtt002000000;cloudType=Consumer;environment=Prod_centralus_prod-s01-068-nam-centralus;migrationStage=NotStarted Some updates remain.}
{"logTime": "0310/155012", "correlationVector":"UJ06d3LGZyQuWcjft+qm/1","action":"Initial GetUpdates", "result":"", "context":Reason: RECONFIGURATION. cV=UJ06d3LGZyQuWcjft+qm/1}
{"logTime": "0310/155012", "correlationVector":"UJ06d3LGZyQuWcjft+qm/1.1","action":"SyncServerConnectionManagerRequest", "result":"SYNC_SERVER_OK", "context":{"environment":"Prod_centralus_prod-s01-068-nam-centralus", "migrationStage":"NotStarted", "server":"akswtt00200002b"}}
{"logTime": "0310/155012", "correlationVector":"UJ06d3LGZyQuWcjft+qm/1.2","action":"ProcessGetUpdates", "result":"Done", "context":{"dataType":"History", "deleted":"0", "process_failed_to_decrypt":"0", "process_pending_decryption":"0", "process_success":"250", "total":"250"}}
{"logTime": "0310/155012", "correlationVector":"UJ06d3LGZyQuWcjft+qm/1.3","action":"GetUpdates Response", "result":"Success", "context":Received 250 update(s). cV=UJ06d3LGZyQuWcjft+qm/1.0;server=akswtt00200002b;cloudType=Consumer;environment=Prod_centralus_prod-s01-068-nam-centralus;migrationStage=NotStarted Some updates remain.}
{"logTime": "0310/155012", "correlationVector":"EJ/nYaGa9bIfbh2i0eIE8w","action":"Initial GetUpdates", "result":"", "context":Reason: RECONFIGURATION. cV=EJ/nYaGa9bIfbh2i0eIE8w}
{"logTime": "0310/155013", "correlationVector":"EJ/nYaGa9bIfbh2i0eIE8w.1","action":"SyncServerConnectionManagerRequest", "result":"SYNC_SERVER_OK", "context":{"environment":"Prod_centralus_prod-s01-068-nam-centralus", "migrationStage":"NotStarted", "server":"akswtt00200000t"}}
{"logTime": "0310/155013", "correlationVector":"EJ/nYaGa9bIfbh2i0eIE8w.2","action":"ProcessGetUpdates", "result":"Done", "context":{"dataType":"History", "deleted":"0", "process_failed_to_decrypt":"0", "process_pending_decryption":"0", "process_success":"250", "total":"250"}}
{"logTime": "0310/155013", "correlationVector":"EJ/nYaGa9bIfbh2i0eIE8w.3","action":"GetUpdates Response", "result":"Success", "context":Received 250 update(s). cV=EJ/nYaGa9bIfbh2i0eIE8w.0;server=akswtt00200000t;cloudType=Consumer;environment=Prod_centralus_prod-s01-068-nam-centralus;migrationStage=NotStarted Some updates remain.}
{"logTime": "0310/155013", "correlationVector":"gV7MWIHa6aam+OzaG8Tl/Q","action":"Initial GetUpdates", "result":"", "context":Reason: RECONFIGURATION. cV=gV7MWIHa6aam+OzaG8Tl/Q}
{"logTime": "0310/155013", "correlationVector":"gV7MWIHa6aam+OzaG8Tl/Q.1","action":"SyncServerConnectionManagerRequest", "result":"SYNC_SERVER_OK", "context":{"environment":"Prod_westus_prod-s01-081-nam-westus", "migrationStage":"NotStarted", "server":"akswtt10200001u"}}
{"logTime": "0310/155013", "correlationVector":"gV7MWIHa6aam+OzaG8Tl/Q.2","action":"ProcessGetUpdates", "result":"Done", "context":{"dataType":"History", "deleted":"0", "process_failed_to_decrypt":"0", "process_pending_decryption":"0", "process_success":"250", "total":"250"}}
{"logTime": "0310/155013", "correlationVector":"gV7MWIHa6aam+OzaG8Tl/Q.3","action":"GetUpdates Response", "result":"Success", "context":Received 250 update(s). cV=gV7MWIHa6aam+OzaG8Tl/Q.0;server=akswtt10200001u;cloudType=Consumer;environment=Prod_westus_prod-s01-081-nam-westus;migrationStage=NotStarted Some updates remain.}
{"logTime": "0310/155013", "correlationVector":"RbCLlVv3KvPWi4wPUdDTGX","action":"Initial GetUpdates", "result":"", "context":Reason: RECONFIGURATION. cV=RbCLlVv3KvPWi4wPUdDTGX}
{"logTime": "0310/155014", "correlationVector":"RbCLlVv3KvPWi4wPUdDTGX.1","action":"SyncServerConnectionManagerRequest", "result":"SYNC_SERVER_OK", "context":{"environment":"Prod_centralus_prod-s01-068-nam-centralus", "migrationStage":"NotStarted", "server":"akswtt002000034"}}
{"logTime": "0310/155014", "correlationVector":"RbCLlVv3KvPWi4wPUdDTGX.2","action":"ProcessGetUpdates", "result":"Done", "context":{"dataType":"History", "deleted":"0", "process_failed_to_decrypt":"0", "process_pending_decryption":"0", "process_success":"250", "total":"250"}}
{"logTime": "0310/155014", "correlationVector":"RbCLlVv3KvPWi4wPUdDTGX.3","action":"GetUpdates Response", "result":"Success", "context":Received 250 update(s). cV=RbCLlVv3KvPWi4wPUdDTGX.0;server=akswtt002000034;cloudType=Consumer;environment=Prod_centralus_prod-s01-068-nam-centralus;migrationStage=NotStarted Some updates remain.}
{"logTime": "0310/155014", "correlationVector":"WslNaf0TDq4vaZ5EoOGuny","action":"Initial GetUpdates", "result":"", "context":Reason: RECONFIGURATION. cV=WslNaf0TDq4vaZ5EoOGuny}
{"logTime": "0310/155015", "correlationVector":"WslNaf0TDq4vaZ5EoOGuny.1","action":"SyncServerConnectionManagerRequest", "result":"SYNC_SERVER_OK", "context":{"environment":"Prod_westus_prod-s01-081-nam-westus", "migrationStage":"NotStarted", "server":"akswtt10200000n"}}
{"logTime": "0310/155015", "correlationVector":"WslNaf0TDq4vaZ5EoOGuny.2","action":"ProcessGetUpdates", "result":"Done", "context":{"dataType":"History", "deleted":"0", "process_failed_to_decrypt":"0", "process_pending_decryption":"0", "process_success":"250", "total":"250"}}
{"logTime": "0310/155015", "correlationVector":"WslNaf0TDq4vaZ5EoOGuny.3","action":"GetUpdates Response", "result":"Success", "context":Received 250 update(s). cV=WslNaf0TDq4vaZ5EoOGuny.0;server=akswtt10200000n;cloudType=Consumer;environment=Prod_westus_prod-s01-081-nam-westus;migrationStage=NotStarted Some updates remain.}
{"logTime": "0310/155015", "correlationVector":"Opz6hhFNZpHxAgJB6T4KgF","action":"Initial GetUpdates", "result":"", "context":Reason: RECONFIGURATION. cV=Opz6hhFNZpHxAgJB6T4KgF}
{"logTime": "0310/155016", "correlationVector":"Opz6hhFNZpHxAgJB6T4KgF.1","action":"SyncServerConnectionManagerRequest", "result":"SYNC_SERVER_OK", "context":{"environment":"Prod_westus_prod-s01-081-nam-westus", "migrationStage":"NotStarted", "server":"akswtt10200000o"}}
{"logTime": "0310/155016", "correlationVector":"Opz6hhFNZpHxAgJB6T4KgF.2","action":"ProcessGetUpdates", "result":"Done", "context":{"dataType":"History", "deleted":"0", "process_failed_to_decrypt":"0", "process_pending_decryption":"0", "process_success":"250", "total":"250"}}
{"logTime": "0310/155016", "correlationVector":"Opz6hhFNZpHxAgJB6T4KgF.3","action":"GetUpdates Response", "result":"Success", "context":Received 250 update(s). cV=Opz6hhFNZpHxAgJB6T4KgF.0;server=akswtt10200000o;cloudType=Consumer;environment=Prod_westus_prod-s01-081-nam-westus;migrationStage=NotStarted Some updates remain.}
{"logTime": "0310/155016", "correlationVector":"JTLR73A1YF+SiHyQ2RHVbq","action":"Initial GetUpdates", "result":"", "context":Reason: RECONFIGURATION. cV=JTLR73A1YF+SiHyQ2RHVbq}
{"logTime": "0310/155016", "correlationVector":"JTLR73A1YF+SiHyQ2RHVbq.1","action":"SyncServerConnectionManagerRequest", "result":"SYNC_SERVER_OK", "context":{"environment":"Prod_centralus_prod-s01-068-nam-centralus", "migrationStage":"NotStarted", "server":"akswtt002000027"}}
{"logTime": "0310/155016", "correlationVector":"JTLR73A1YF+SiHyQ2RHVbq.2","action":"ProcessGetUpdates", "result":"Done", "context":{"dataType":"History", "deleted":"0", "process_failed_to_decrypt":"0", "process_pending_decryption":"0", "process_success":"250", "total":"250"}}
{"logTime": "0310/155016", "correlationVector":"JTLR73A1YF+SiHyQ2RHVbq.3","action":"GetUpdates Response", "result":"Success", "context":Received 250 update(s). cV=JTLR73A1YF+SiHyQ2RHVbq.0;server=akswtt002000027;cloudType=Consumer;environment=Prod_centralus_prod-s01-068-nam-centralus;migrationStage=NotStarted Some updates remain.}
{"logTime": "0310/155016", "correlationVector":"pb+Xt6MP9gvnGthwWazy+9","action":"Initial GetUpdates", "result":"", "context":Reason: RECONFIGURATION. cV=pb+Xt6MP9gvnGthwWazy+9}
{"logTime": "0310/155016", "correlationVector":"pb+Xt6MP9gvnGthwWazy+9.1","action":"SyncServerConnectionManagerRequest", "result":"SYNC_SERVER_OK", "context":{"environment":"Prod_centralus_prod-s01-068-nam-centralus", "migrationStage":"NotStarted", "server":"akswtt002000008"}}
{"logTime": "0310/155016", "correlationVector":"pb+Xt6MP9gvnGthwWazy+9.2","action":"ProcessGetUpdates", "result":"Done", "context":{"dataType":"History", "deleted":"0", "process_failed_to_decrypt":"0", "process_pending_decryption":"0", "process_success":"250", "total":"250"}}
{"logTime": "0310/155016", "correlationVector":"pb+Xt6MP9gvnGthwWazy+9.3","action":"GetUpdates Response", "result":"Success", "context":Received 250 update(s). cV=pb+Xt6MP9gvnGthwWazy+9.0;server=akswtt002000008;cloudType=Consumer;environment=Prod_centralus_prod-s01-068-nam-centralus;migrationStage=NotStarted Some updates remain.}
{"logTime": "0310/155016", "correlationVector":"4jTxEw51MeoagAHGXk1ew1","action":"Initial GetUpdates", "result":"", "context":Reason: RECONFIGURATION. cV=4jTxEw51MeoagAHGXk1ew1}
{"logTime": "0310/155017", "correlationVector":"4jTxEw51MeoagAHGXk1ew1.1","action":"SyncServerConnectionManagerRequest", "result":"SYNC_SERVER_OK", "context":{"environment":"Prod_centralus_prod-s01-068-nam-centralus", "migrationStage":"NotStarted", "server":"akswtt00200001o"}}
{"logTime": "0310/155017", "correlationVector":"4jTxEw51MeoagAHGXk1ew1.2","action":"ProcessGetUpdates", "result":"Done", "context":{"dataType":"History", "deleted":"0", "process_failed_to_decrypt":"0", "process_pending_decryption":"0", "process_success":"250", "total":"250"}}
{"logTime": "0310/155017", "correlationVector":"4jTxEw51MeoagAHGXk1ew1.3","action":"GetUpdates Response", "result":"Success", "context":Received 250 update(s). cV=4jTxEw51MeoagAHGXk1ew1.0;server=akswtt00200001o;cloudType=Consumer;environment=Prod_centralus_prod-s01-068-nam-centralus;migrationStage=NotStarted Some updates remain.}
{"logTime": "0310/155017", "correlationVector":"bSOs2kWX7G0ppilEl9qWZt","action":"Initial GetUpdates", "result":"", "context":Reason: RECONFIGURATION. cV=bSOs2kWX7G0ppilEl9qWZt}
{"logTime": "0310/155018", "correlationVector":"bSOs2kWX7G0ppilEl9qWZt.1","action":"SyncServerConnectionManagerRequest", "result":"SYNC_SERVER_OK", "context":{"environment":"Prod_centralus_prod-s01-068-nam-centralus", "migrationStage":"NotStarted", "server":"akswtt00200002b"}}
{"logTime": "0310/155018", "correlationVector":"bSOs2kWX7G0ppilEl9qWZt.2","action":"ProcessGetUpdates", "result":"Done", "context":{"dataType":"History", "deleted":"0", "process_failed_to_decrypt":"0", "process_pending_decryption":"0", "process_success":"250", "total":"250"}}
{"logTime": "0310/155018", "correlationVector":"bSOs2kWX7G0ppilEl9qWZt.3","action":"GetUpdates Response", "result":"Success", "context":Received 250 update(s). cV=bSOs2kWX7G0ppilEl9qWZt.0;server=akswtt00200002b;cloudType=Consumer;environment=Prod_centralus_prod-s01-068-nam-centralus;migrationStage=NotStarted Some updates remain.}
{"logTime": "0310/155018", "correlationVector":"xOeg+Ky2lwGC3rKn1y1oZ0","action":"Initial GetUpdates", "result":"", "context":Reason: RECONFIGURATION. cV=xOeg+Ky2lwGC3rKn1y1oZ0}
{"logTime": "0310/155018", "correlationVector":"xOeg+Ky2lwGC3rKn1y1oZ0.1","action":"SyncServerConnectionManagerRequest", "result":"SYNC_SERVER_OK", "context":{"environment":"Prod_westus_prod-s01-081-nam-westus", "migrationStage":"NotStarted", "server":"akswtt102000012"}}
{"logTime": "0310/155018", "correlationVector":"xOeg+Ky2lwGC3rKn1y1oZ0.2","action":"ProcessGetUpdates", "result":"Done", "context":{"dataType":"History", "deleted":"0", "process_failed_to_decrypt":"0", "process_pending_decryption":"0", "process_success":"250", "total":"250"}}
{"logTime": "0310/155018", "correlationVector":"xOeg+Ky2lwGC3rKn1y1oZ0.3","action":"GetUpdates Response", "result":"Success", "context":Received 250 update(s). cV=xOeg+Ky2lwGC3rKn1y1oZ0.0;server=akswtt102000012;cloudType=Consumer;environment=Prod_westus_prod-s01-081-nam-westus;migrationStage=NotStarted Some updates remain.}
{"logTime": "0310/155018", "correlationVector":"xl/ZENP43gYI8WK+gurbMK","action":"Initial GetUpdates", "result":"", "context":Reason: RECONFIGURATION. cV=xl/ZENP43gYI8WK+gurbMK}
{"logTime": "0310/155019", "correlationVector":"xl/ZENP43gYI8WK+gurbMK.1","action":"SyncServerConnectionManagerRequest", "result":"SYNC_SERVER_OK", "context":{"environment":"Prod_westus_prod-s01-081-nam-westus", "migrationStage":"NotStarted", "server":"akswtt10200000i"}}
{"logTime": "0310/155019", "correlationVector":"xl/ZENP43gYI8WK+gurbMK.2","action":"ProcessGetUpdates", "result":"Done", "context":{"dataType":"History", "deleted":"0", "process_failed_to_decrypt":"0", "process_pending_decryption":"0", "process_success":"250", "total":"250"}}
{"logTime": "0310/155019", "correlationVector":"xl/ZENP43gYI8WK+gurbMK.3","action":"GetUpdates Response", "result":"Success", "context":Received 250 update(s). cV=xl/ZENP43gYI8WK+gurbMK.0;server=akswtt10200000i;cloudType=Consumer;environment=Prod_westus_prod-s01-081-nam-westus;migrationStage=NotStarted Some updates remain.}
{"logTime": "0310/155019", "correlationVector":"Cl+HQ/XQTOMQcPJoR/LW+/","action":"Initial GetUpdates", "result":"", "context":Reason: RECONFIGURATION. cV=Cl+HQ/XQTOMQcPJoR/LW+/}
{"logTime": "0310/155020", "correlationVector":"Cl+HQ/XQTOMQcPJoR/LW+/.1","action":"SyncServerConnectionManagerRequest", "result":"SYNC_SERVER_OK", "context":{"environment":"Prod_centralus_prod-s01-068-nam-centralus", "migrationStage":"NotStarted", "server":"akswtt002000033"}}
{"logTime": "0310/155020", "correlationVector":"Cl+HQ/XQTOMQcPJoR/LW+/.2","action":"ProcessGetUpdates", "result":"Done", "context":{"dataType":"History", "deleted":"0", "process_failed_to_decrypt":"0", "process_pending_decryption":"0", "process_success":"250", "total":"250"}}
{"logTime": "0310/155020", "correlationVector":"Cl+HQ/XQTOMQcPJoR/LW+/.3","action":"GetUpdates Response", "result":"Success", "context":Received 250 update(s). cV=Cl+HQ/XQTOMQcPJoR/LW+/.0;server=akswtt002000033;cloudType=Consumer;environment=Prod_centralus_prod-s01-068-nam-centralus;migrationStage=NotStarted Some updates remain.}
{"logTime": "0310/155020", "correlationVector":"XAgm8HE+QHQmOaFbTxuGAV","action":"Initial GetUpdates", "result":"", "context":Reason: RECONFIGURATION. cV=XAgm8HE+QHQmOaFbTxuGAV}
{"logTime": "0310/155020", "correlationVector":"XAgm8HE+QHQmOaFbTxuGAV.1","action":"SyncServerConnectionManagerRequest", "result":"SYNC_SERVER_OK", "context":{"environment":"Prod_westus_prod-s01-081-nam-westus", "migrationStage":"NotStarted", "server":"akswtt10200000b"}}
{"logTime": "0310/155020", "correlationVector":"XAgm8HE+QHQmOaFbTxuGAV.2","action":"ProcessGetUpdates", "result":"Done", "context":{"dataType":"History", "deleted":"0", "process_failed_to_decrypt":"0", "process_pending_decryption":"0", "process_success":"250", "total":"250"}}
{"logTime": "0310/155020", "correlationVector":"XAgm8HE+QHQmOaFbTxuGAV.3","action":"GetUpdates Response", "result":"Success", "context":Received 250 update(s). cV=XAgm8HE+QHQmOaFbTxuGAV.0;server=akswtt10200000b;cloudType=Consumer;environment=Prod_westus_prod-s01-081-nam-westus;migrationStage=NotStarted Some updates remain.}
{"logTime": "0310/155020", "correlationVector":"Ms2bOYDjcltKubA33qJTKq","action":"Initial GetUpdates", "result":"", "context":Reason: RECONFIGURATION. cV=Ms2bOYDjcltKubA33qJTKq}
{"logTime": "0310/155021", "correlationVector":"Ms2bOYDjcltKubA33qJTKq.1","action":"SyncServerConnectionManagerRequest", "result":"SYNC_SERVER_OK", "context":{"environment":"Prod_centralus_prod-s01-068-nam-centralus", "migrationStage":"NotStarted", "server":"akswtt002000030"}}
{"logTime": "0310/155021", "correlationVector":"Ms2bOYDjcltKubA33qJTKq.2","action":"ProcessGetUpdates", "result":"Done", "context":{"dataType":"History", "deleted":"0", "process_failed_to_decrypt":"0", "process_pending_decryption":"0", "process_success":"250", "total":"250"}}
{"logTime": "0310/155021", "correlationVector":"Ms2bOYDjcltKubA33qJTKq.3","action":"GetUpdates Response", "result":"Success", "context":Received 250 update(s). cV=Ms2bOYDjcltKubA33qJTKq.0;server=akswtt002000030;cloudType=Consumer;environment=Prod_centralus_prod-s01-068-nam-centralus;migrationStage=NotStarted Some updates remain.}
{"logTime": "0310/155021", "correlationVector":"q+oZt6Y/wqfD95u80HgrbF","action":"Initial GetUpdates", "result":"", "context":Reason: RECONFIGURATION. cV=q+oZt6Y/wqfD95u80HgrbF}
{"logTime": "0310/155022", "correlationVector":"q+oZt6Y/wqfD95u80HgrbF.1","action":"SyncServerConnectionManagerRequest", "result":"SYNC_SERVER_OK", "context":{"environment":"Prod_centralus_prod-s01-068-nam-centralus", "migrationStage":"NotStarted", "server":"akswtt002000011"}}
{"logTime": "0310/155022", "correlationVector":"q+oZt6Y/wqfD95u80HgrbF.2","action":"ProcessGetUpdates", "result":"Done", "context":{"dataType":"History", "deleted":"0", "process_failed_to_decrypt":"0", "process_pending_decryption":"0", "process_success":"250", "total":"250"}}
{"logTime": "0310/155022", "correlationVector":"q+oZt6Y/wqfD95u80HgrbF.3","action":"GetUpdates Response", "result":"Success", "context":Received 250 update(s). cV=q+oZt6Y/wqfD95u80HgrbF.0;server=akswtt002000011;cloudType=Consumer;environment=Prod_centralus_prod-s01-068-nam-centralus;migrationStage=NotStarted Some updates remain.}
{"logTime": "0310/155022", "correlationVector":"Ds4pFpH5YDA75vnfOQJDk9","action":"Initial GetUpdates", "result":"", "context":Reason: RECONFIGURATION. cV=Ds4pFpH5YDA75vnfOQJDk9}
{"logTime": "0310/155023", "correlationVector":"Ds4pFpH5YDA75vnfOQJDk9.1","action":"SyncServerConnectionManagerRequest", "result":"SYNC_SERVER_OK", "context":{"environment":"Prod_westus_prod-s01-081-nam-westus", "migrationStage":"NotStarted", "server":"akswtt10200001a"}}
{"logTime": "0310/155023", "correlationVector":"Ds4pFpH5YDA75vnfOQJDk9.2","action":"ProcessGetUpdates", "result":"Done", "context":{"dataType":"History", "deleted":"0", "process_failed_to_decrypt":"0", "process_pending_decryption":"0", "process_success":"250", "total":"250"}}
{"logTime": "0310/155023", "correlationVector":"Ds4pFpH5YDA75vnfOQJDk9.3","action":"GetUpdates Response", "result":"Success", "context":Received 250 update(s). cV=Ds4pFpH5YDA75vnfOQJDk9.0;server=akswtt10200001a;cloudType=Consumer;environment=Prod_westus_prod-s01-081-nam-westus;migrationStage=NotStarted Some updates remain.}
{"logTime": "0310/155023", "correlationVector":"P6Tn73jE7sEeCxBH6RO6QK","action":"Initial GetUpdates", "result":"", "context":Reason: RECONFIGURATION. cV=P6Tn73jE7sEeCxBH6RO6QK}
{"logTime": "0310/155024", "correlationVector":"P6Tn73jE7sEeCxBH6RO6QK.1","action":"SyncServerConnectionManagerRequest", "result":"SYNC_SERVER_OK", "context":{"environment":"Prod_centralus_prod-s01-068-nam-centralus", "migrationStage":"NotStarted", "server":"akswtt002000030"}}
{"logTime": "0310/155024", "correlationVector":"P6Tn73jE7sEeCxBH6RO6QK.2","action":"ProcessGetUpdates", "result":"Done", "context":{"dataType":"History", "deleted":"0", "process_failed_to_decrypt":"0", "process_pending_decryption":"0", "process_success":"250", "total":"250"}}
{"logTime": "0310/155024", "correlationVector":"P6Tn73jE7sEeCxBH6RO6QK.3","action":"GetUpdates Response", "result":"Success", "context":Received 250 update(s). cV=P6Tn73jE7sEeCxBH6RO6QK.0;server=akswtt002000030;cloudType=Consumer;environment=Prod_centralus_prod-s01-068-nam-centralus;migrationStage=NotStarted Some updates remain.}
{"logTime": "0310/155024", "correlationVector":"puTzYmNELiqCf+9yun/Sng","action":"Initial GetUpdates", "result":"", "context":Reason: RECONFIGURATION. cV=puTzYmNELiqCf+9yun/Sng}
{"logTime": "0310/155024", "correlationVector":"puTzYmNELiqCf+9yun/Sng.1","action":"SyncServerConnectionManagerRequest", "result":"SYNC_SERVER_OK", "context":{"environment":"Prod_centralus_prod-s01-068-nam-centralus", "migrationStage":"NotStarted", "server":"akswtt00200002a"}}
{"logTime": "0310/155024", "correlationVector":"puTzYmNELiqCf+9yun/Sng.2","action":"ProcessGetUpdates", "result":"Done", "context":{"dataType":"History", "deleted":"0", "process_failed_to_decrypt":"0", "process_pending_decryption":"0", "process_success":"250", "total":"250"}}
{"logTime": "0310/155024", "correlationVector":"puTzYmNELiqCf+9yun/Sng.3","action":"GetUpdates Response", "result":"Success", "context":Received 250 update(s). cV=puTzYmNELiqCf+9yun/Sng.0;server=akswtt00200002a;cloudType=Consumer;environment=Prod_centralus_prod-s01-068-nam-centralus;migrationStage=NotStarted Some updates remain.}
{"logTime": "0310/155024", "correlationVector":"KZNmjNGKZqQzxVUy1nTIR8","action":"Initial GetUpdates", "result":"", "context":Reason: RECONFIGURATION. cV=KZNmjNGKZqQzxVUy1nTIR8}
{"logTime": "0310/155025", "correlationVector":"KZNmjNGKZqQzxVUy1nTIR8.1","action":"SyncServerConnectionManagerRequest", "result":"SYNC_SERVER_OK", "context":{"environment":"Prod_westus_prod-s01-081-nam-westus", "migrationStage":"NotStarted", "server":"akswtt10200000b"}}
{"logTime": "0310/155025", "correlationVector":"KZNmjNGKZqQzxVUy1nTIR8.2","action":"ProcessGetUpdates", "result":"Done", "context":{"dataType":"History", "deleted":"0", "process_failed_to_decrypt":"0", "process_pending_decryption":"0", "process_success":"250", "total":"250"}}
{"logTime": "0310/155025", "correlationVector":"KZNmjNGKZqQzxVUy1nTIR8.3","action":"GetUpdates Response", "result":"Success", "context":Received 250 update(s). cV=KZNmjNGKZqQzxVUy1nTIR8.0;server=akswtt10200000b;cloudType=Consumer;environment=Prod_westus_prod-s01-081-nam-westus;migrationStage=NotStarted Some updates remain.}
{"logTime": "0310/155025", "correlationVector":"kH7O9rQZ4vbcwQlkfq3qD/","action":"Initial GetUpdates", "result":"", "context":Reason: RECONFIGURATION. cV=kH7O9rQZ4vbcwQlkfq3qD/}
{"logTime": "0310/155025", "correlationVector":"kH7O9rQZ4vbcwQlkfq3qD/.1","action":"SyncServerConnectionManagerRequest", "result":"SYNC_SERVER_OK", "context":{"environment":"Prod_centralus_prod-s01-068-nam-centralus", "migrationStage":"NotStarted", "server":"akswtt002000035"}}
{"logTime": "0310/155025", "correlationVector":"kH7O9rQZ4vbcwQlkfq3qD/.2","action":"ProcessGetUpdates", "result":"Done", "context":{"dataType":"History", "deleted":"0", "process_failed_to_decrypt":"0", "process_pending_decryption":"0", "process_success":"250", "total":"250"}}
{"logTime": "0310/155025", "correlationVector":"kH7O9rQZ4vbcwQlkfq3qD/.3","action":"GetUpdates Response", "result":"Success", "context":Received 250 update(s). cV=kH7O9rQZ4vbcwQlkfq3qD/.0;server=akswtt002000035;cloudType=Consumer;environment=Prod_centralus_prod-s01-068-nam-centralus;migrationStage=NotStarted Some updates remain.}
{"logTime": "0310/155025", "correlationVector":"m5yLbSEiTgQx6OJwec85Rn","action":"Initial GetUpdates", "result":"", "context":Reason: RECONFIGURATION. cV=m5yLbSEiTgQx6OJwec85Rn}
{"logTime": "0310/155026", "correlationVector":"m5yLbSEiTgQx6OJwec85Rn.1","action":"SyncServerConnectionManagerRequest", "result":"SYNC_SERVER_OK", "context":{"environment":"Prod_westus_prod-s01-081-nam-westus", "migrationStage":"NotStarted", "server":"akswtt10200001c"}}
{"logTime": "0310/155026", "correlationVector":"m5yLbSEiTgQx6OJwec85Rn.2","action":"ProcessGetUpdates", "result":"Done", "context":{"dataType":"History", "deleted":"0", "process_failed_to_decrypt":"0", "process_pending_decryption":"0", "process_success":"250", "total":"250"}}
{"logTime": "0310/155026", "correlationVector":"m5yLbSEiTgQx6OJwec85Rn.3","action":"GetUpdates Response", "result":"Success", "context":Received 250 update(s). cV=m5yLbSEiTgQx6OJwec85Rn.0;server=akswtt10200001c;cloudType=Consumer;environment=Prod_westus_prod-s01-081-nam-westus;migrationStage=NotStarted Some updates remain.}
{"logTime": "0310/155026", "correlationVector":"cNzD+scPDhb/JBw4yQT0Ot","action":"Initial GetUpdates", "result":"", "context":Reason: RECONFIGURATION. cV=cNzD+scPDhb/JBw4yQT0Ot}
{"logTime": "0310/155027", "correlationVector":"cNzD+scPDhb/JBw4yQT0Ot.1","action":"SyncServerConnectionManagerRequest", "result":"SYNC_SERVER_OK", "context":{"environment":"Prod_centralus_prod-s01-068-nam-centralus", "migrationStage":"NotStarted", "server":"akswtt00200002b"}}
{"logTime": "0310/155027", "correlationVector":"cNzD+scPDhb/JBw4yQT0Ot.2","action":"ProcessGetUpdates", "result":"Done", "context":{"dataType":"History", "deleted":"0", "process_failed_to_decrypt":"0", "process_pending_decryption":"0", "process_success":"250", "total":"250"}}
{"logTime": "0310/155027", "correlationVector":"cNzD+scPDhb/JBw4yQT0Ot.3","action":"GetUpdates Response", "result":"Success", "context":Received 250 update(s). cV=cNzD+scPDhb/JBw4yQT0Ot.0;server=akswtt00200002b;cloudType=Consumer;environment=Prod_centralus_prod-s01-068-nam-centralus;migrationStage=NotStarted Some updates remain.}
{"logTime": "0310/155027", "correlationVector":"Dx2VhZ02f26X2GQc8jk+qJ","action":"Initial GetUpdates", "result":"", "context":Reason: RECONFIGURATION. cV=Dx2VhZ02f26X2GQc8jk+qJ}
{"logTime": "0310/155027", "correlationVector":"Dx2VhZ02f26X2GQc8jk+qJ.1","action":"SyncServerConnectionManagerRequest", "result":"SYNC_SERVER_OK", "context":{"environment":"Prod_westus_prod-s01-081-nam-westus", "migrationStage":"NotStarted", "server":"akswtt10200000n"}}
{"logTime": "0310/155027", "correlationVector":"Dx2VhZ02f26X2GQc8jk+qJ.2","action":"ProcessGetUpdates", "result":"Done", "context":{"dataType":"History", "deleted":"0", "process_failed_to_decrypt":"0", "process_pending_decryption":"0", "process_success":"250", "total":"250"}}
{"logTime": "0310/155027", "correlationVector":"Dx2VhZ02f26X2GQc8jk+qJ.3","action":"GetUpdates Response", "result":"Success", "context":Received 250 update(s). cV=Dx2VhZ02f26X2GQc8jk+qJ.0;server=akswtt10200000n;cloudType=Consumer;environment=Prod_westus_prod-s01-081-nam-westus;migrationStage=NotStarted Some updates remain.}
{"logTime": "0310/155027", "correlationVector":"5nZoCGwiBN5z71AmyY4xCw","action":"Initial GetUpdates", "result":"", "context":Reason: RECONFIGURATION. cV=5nZoCGwiBN5z71AmyY4xCw}
{"logTime": "0310/155028", "correlationVector":"5nZoCGwiBN5z71AmyY4xCw.1","action":"SyncServerConnectionManagerRequest", "result":"SYNC_SERVER_OK", "context":{"environment":"Prod_centralus_prod-s01-068-nam-centralus", "migrationStage":"NotStarted", "server":"akswtt00200000e"}}
{"logTime": "0310/155028", "correlationVector":"5nZoCGwiBN5z71AmyY4xCw.2","action":"ProcessGetUpdates", "result":"Done", "context":{"dataType":"History", "deleted":"0", "process_failed_to_decrypt":"0", "process_pending_decryption":"0", "process_success":"250", "total":"250"}}
{"logTime": "0310/155028", "correlationVector":"5nZoCGwiBN5z71AmyY4xCw.3","action":"GetUpdates Response", "result":"Success", "context":Received 250 update(s). cV=5nZoCGwiBN5z71AmyY4xCw.0;server=akswtt00200000e;cloudType=Consumer;environment=Prod_centralus_prod-s01-068-nam-centralus;migrationStage=NotStarted Some updates remain.}
{"logTime": "0310/155028", "correlationVector":"Re+bVJcz7tPsBEqGqkENM3","action":"Initial GetUpdates", "result":"", "context":Reason: RECONFIGURATION. cV=Re+bVJcz7tPsBEqGqkENM3}
{"logTime": "0310/155029", "correlationVector":"Re+bVJcz7tPsBEqGqkENM3.1","action":"SyncServerConnectionManagerRequest", "result":"SYNC_SERVER_OK", "context":{"environment":"Prod_westus_prod-s01-081-nam-westus", "migrationStage":"NotStarted", "server":"akswtt10200001b"}}
{"logTime": "0310/155029", "correlationVector":"Re+bVJcz7tPsBEqGqkENM3.2","action":"ProcessGetUpdates", "result":"Done", "context":{"dataType":"History", "deleted":"0", "process_failed_to_decrypt":"0", "process_pending_decryption":"0", "process_success":"250", "total":"250"}}
{"logTime": "0310/155029", "correlationVector":"Re+bVJcz7tPsBEqGqkENM3.3","action":"GetUpdates Response", "result":"Success", "context":Received 250 update(s). cV=Re+bVJcz7tPsBEqGqkENM3.0;server=akswtt10200001b;cloudType=Consumer;environment=Prod_westus_prod-s01-081-nam-westus;migrationStage=NotStarted Some updates remain.}
{"logTime": "0310/155029", "correlationVector":"V6Ci8sE9veAmv0GJSqTPdo","action":"Initial GetUpdates", "result":"", "context":Reason: RECONFIGURATION. cV=V6Ci8sE9veAmv0GJSqTPdo}
{"logTime": "0310/155031", "correlationVector":"V6Ci8sE9veAmv0GJSqTPdo.1","action":"SyncServerConnectionManagerRequest", "result":"SYNC_SERVER_OK", "context":{"environment":"Prod_centralus_prod-s01-068-nam-centralus", "migrationStage":"NotStarted", "server":"akswtt00200002m"}}
{"logTime": "0310/155031", "correlationVector":"V6Ci8sE9veAmv0GJSqTPdo.2","action":"ProcessGetUpdates", "result":"Done", "context":{"dataType":"History", "deleted":"0", "process_failed_to_decrypt":"0", "process_pending_decryption":"0", "process_success":"250", "total":"250"}}
{"logTime": "0310/155031", "correlationVector":"V6Ci8sE9veAmv0GJSqTPdo.3","action":"GetUpdates Response", "result":"Success", "context":Received 250 update(s). cV=V6Ci8sE9veAmv0GJSqTPdo.0;server=akswtt00200002m;cloudType=Consumer;environment=Prod_centralus_prod-s01-068-nam-centralus;migrationStage=NotStarted Some updates remain.}
{"logTime": "0310/155031", "correlationVector":"zhPVJIzfmRfKI3fnZOHj/H","action":"Initial GetUpdates", "result":"", "context":Reason: RECONFIGURATION. cV=zhPVJIzfmRfKI3fnZOHj/H}
{"logTime": "0310/155031", "correlationVector":"zhPVJIzfmRfKI3fnZOHj/H.1","action":"SyncServerConnectionManagerRequest", "result":"SYNC_SERVER_OK", "context":{"environment":"Prod_centralus_prod-s01-068-nam-centralus", "migrationStage":"NotStarted", "server":"akswtt002000027"}}
{"logTime": "0310/155031", "correlationVector":"zhPVJIzfmRfKI3fnZOHj/H.2","action":"ProcessGetUpdates", "result":"Done", "context":{"dataType":"History", "deleted":"0", "process_failed_to_decrypt":"0", "process_pending_decryption":"0", "process_success":"250", "total":"250"}}
{"logTime": "0310/155031", "correlationVector":"zhPVJIzfmRfKI3fnZOHj/H.3","action":"GetUpdates Response", "result":"Success", "context":Received 250 update(s). cV=zhPVJIzfmRfKI3fnZOHj/H.0;server=akswtt002000027;cloudType=Consumer;environment=Prod_centralus_prod-s01-068-nam-centralus;migrationStage=NotStarted Some updates remain.}
{"logTime": "0310/155031", "correlationVector":"akOQS8vEk7eVrhHzq7Avn5","action":"Initial GetUpdates", "result":"", "context":Reason: RECONFIGURATION. cV=akOQS8vEk7eVrhHzq7Avn5}
{"logTime": "0310/155032", "correlationVector":"akOQS8vEk7eVrhHzq7Avn5.1","action":"SyncServerConnectionManagerRequest", "result":"SYNC_SERVER_OK", "context":{"environment":"Prod_westus_prod-s01-081-nam-westus", "migrationStage":"NotStarted", "server":"akswtt102000012"}}
{"logTime": "0310/155032", "correlationVector":"akOQS8vEk7eVrhHzq7Avn5.2","action":"ProcessGetUpdates", "result":"Done", "context":{"dataType":"History", "deleted":"0", "process_failed_to_decrypt":"0", "process_pending_decryption":"0", "process_success":"250", "total":"250"}}
{"logTime": "0310/155032", "correlationVector":"akOQS8vEk7eVrhHzq7Avn5.3","action":"GetUpdates Response", "result":"Success", "context":Received 250 update(s). cV=akOQS8vEk7eVrhHzq7Avn5.0;server=akswtt102000012;cloudType=Consumer;environment=Prod_westus_prod-s01-081-nam-westus;migrationStage=NotStarted Some updates remain.}
{"logTime": "0310/155032", "correlationVector":"5cZ/BX+buh4MSCLnqWNTh+","action":"Initial GetUpdates", "result":"", "context":Reason: RECONFIGURATION. cV=5cZ/BX+buh4MSCLnqWNTh+}
{"logTime": "0310/155033", "correlationVector":"5cZ/BX+buh4MSCLnqWNTh+.1","action":"SyncServerConnectionManagerRequest", "result":"SYNC_SERVER_OK", "context":{"environment":"Prod_centralus_prod-s01-068-nam-centralus", "migrationStage":"NotStarted", "server":"akswtt00200002q"}}
{"logTime": "0310/155033", "correlationVector":"5cZ/BX+buh4MSCLnqWNTh+.2","action":"ProcessGetUpdates", "result":"Done", "context":{"dataType":"History", "deleted":"0", "process_failed_to_decrypt":"0", "process_pending_decryption":"0", "process_success":"250", "total":"250"}}
{"logTime": "0310/155033", "correlationVector":"5cZ/BX+buh4MSCLnqWNTh+.3","action":"GetUpdates Response", "result":"Success", "context":Received 250 update(s). cV=5cZ/BX+buh4MSCLnqWNTh+.0;server=akswtt00200002q;cloudType=Consumer;environment=Prod_centralus_prod-s01-068-nam-centralus;migrationStage=NotStarted Some updates remain.}
{"logTime": "0310/155033", "correlationVector":"v6Y98ZzIWzjkwFZe/DMm1q","action":"Initial GetUpdates", "result":"", "context":Reason: RECONFIGURATION. cV=v6Y98ZzIWzjkwFZe/DMm1q}
{"logTime": "0310/155033", "correlationVector":"v6Y98ZzIWzjkwFZe/DMm1q.1","action":"SyncServerConnectionManagerRequest", "result":"SYNC_SERVER_OK", "context":{"environment":"Prod_centralus_prod-s01-068-nam-centralus", "migrationStage":"NotStarted", "server":"akswtt00200001o"}}
{"logTime": "0310/155033", "correlationVector":"v6Y98ZzIWzjkwFZe/DMm1q.2","action":"ProcessGetUpdates", "result":"Done", "context":{"dataType":"History", "deleted":"0", "process_failed_to_decrypt":"0", "process_pending_decryption":"0", "process_success":"250", "total":"250"}}
{"logTime": "0310/155033", "correlationVector":"v6Y98ZzIWzjkwFZe/DMm1q.3","action":"GetUpdates Response", "result":"Success", "context":Received 250 update(s). cV=v6Y98ZzIWzjkwFZe/DMm1q.0;server=akswtt00200001o;cloudType=Consumer;environment=Prod_centralus_prod-s01-068-nam-centralus;migrationStage=NotStarted Some updates remain.}
{"logTime": "0310/155033", "correlationVector":"6BQSvJjhysXXcv3Nq17lDe","action":"Initial GetUpdates", "result":"", "context":Reason: RECONFIGURATION. cV=6BQSvJjhysXXcv3Nq17lDe}
{"logTime": "0310/155034", "correlationVector":"6BQSvJjhysXXcv3Nq17lDe.1","action":"SyncServerConnectionManagerRequest", "result":"SYNC_SERVER_OK", "context":{"environment":"Prod_centralus_prod-s01-068-nam-centralus", "migrationStage":"NotStarted", "server":"akswtt00200002a"}}
{"logTime": "0310/155034", "correlationVector":"6BQSvJjhysXXcv3Nq17lDe.2","action":"ProcessGetUpdates", "result":"Done", "context":{"dataType":"History", "deleted":"0", "process_failed_to_decrypt":"0", "process_pending_decryption":"0", "process_success":"250", "total":"250"}}
{"logTime": "0310/155034", "correlationVector":"6BQSvJjhysXXcv3Nq17lDe.3","action":"GetUpdates Response", "result":"Success", "context":Received 250 update(s). cV=6BQSvJjhysXXcv3Nq17lDe.0;server=akswtt00200002a;cloudType=Consumer;environment=Prod_centralus_prod-s01-068-nam-centralus;migrationStage=NotStarted Some updates remain.}
{"logTime": "0310/155034", "correlationVector":"8J5xnvXKi7n9nBaKZ/NGrO","action":"Initial GetUpdates", "result":"", "context":Reason: RECONFIGURATION. cV=8J5xnvXKi7n9nBaKZ/NGrO}
{"logTime": "0310/155036", "correlationVector":"8J5xnvXKi7n9nBaKZ/NGrO.1","action":"SyncServerConnectionManagerRequest", "result":"SYNC_SERVER_OK", "context":{"environment":"Prod_centralus_prod-s01-068-nam-centralus", "migrationStage":"NotStarted", "server":"akswtt00200002m"}}
{"logTime": "0310/155036", "correlationVector":"8J5xnvXKi7n9nBaKZ/NGrO.2","action":"ProcessGetUpdates", "result":"Done", "context":{"dataType":"History", "deleted":"0", "process_failed_to_decrypt":"0", "process_pending_decryption":"0", "process_success":"250", "total":"250"}}
{"logTime": "0310/155036", "correlationVector":"8J5xnvXKi7n9nBaKZ/NGrO.3","action":"GetUpdates Response", "result":"Success", "context":Received 250 update(s). cV=8J5xnvXKi7n9nBaKZ/NGrO.0;server=akswtt00200002m;cloudType=Consumer;environment=Prod_centralus_prod-s01-068-nam-centralus;migrationStage=NotStarted Some updates remain.}
{"logTime": "0310/155036", "correlationVector":"zNK79tI+dSjufBPj9BOFt0","action":"Initial GetUpdates", "result":"", "context":Reason: RECONFIGURATION. cV=zNK79tI+dSjufBPj9BOFt0}
{"logTime": "0310/155037", "correlationVector":"zNK79tI+dSjufBPj9BOFt0.1","action":"SyncServerConnectionManagerRequest", "result":"SYNC_SERVER_OK", "context":{"environment":"Prod_centralus_prod-s01-068-nam-centralus", "migrationStage":"NotStarted", "server":"akswtt00200000e"}}
{"logTime": "0310/155037", "correlationVector":"zNK79tI+dSjufBPj9BOFt0.2","action":"ProcessGetUpdates", "result":"Done", "context":{"dataType":"History", "deleted":"0", "process_failed_to_decrypt":"0", "process_pending_decryption":"0", "process_success":"250", "total":"250"}}
{"logTime": "0310/155037", "correlationVector":"zNK79tI+dSjufBPj9BOFt0.3","action":"GetUpdates Response", "result":"Success", "context":Received 250 update(s). cV=zNK79tI+dSjufBPj9BOFt0.0;server=akswtt00200000e;cloudType=Consumer;environment=Prod_centralus_prod-s01-068-nam-centralus;migrationStage=NotStarted Some updates remain.}
{"logTime": "0310/155037", "correlationVector":"GL/ZjMkYmicBu9SZH/ctDe","action":"Initial GetUpdates", "result":"", "context":Reason: RECONFIGURATION. cV=GL/ZjMkYmicBu9SZH/ctDe}
{"logTime": "0310/155037", "correlationVector":"GL/ZjMkYmicBu9SZH/ctDe.1","action":"SyncServerConnectionManagerRequest", "result":"SYNC_SERVER_OK", "context":{"environment":"Prod_centralus_prod-s01-068-nam-centralus", "migrationStage":"NotStarted", "server":"akswtt00200000t"}}
{"logTime": "0310/155037", "correlationVector":"GL/ZjMkYmicBu9SZH/ctDe.2","action":"ProcessGetUpdates", "result":"Done", "context":{"dataType":"History", "deleted":"0", "process_failed_to_decrypt":"0", "process_pending_decryption":"0", "process_success":"250", "total":"250"}}
{"logTime": "0310/155037", "correlationVector":"GL/ZjMkYmicBu9SZH/ctDe.3","action":"GetUpdates Response", "result":"Success", "context":Received 250 update(s). cV=GL/ZjMkYmicBu9SZH/ctDe.0;server=akswtt00200000t;cloudType=Consumer;environment=Prod_centralus_prod-s01-068-nam-centralus;migrationStage=NotStarted Some updates remain.}
{"logTime": "0310/155037", "correlationVector":"pW1F23yRo0tkql9P2rdcZg","action":"Initial GetUpdates", "result":"", "context":Reason: RECONFIGURATION. cV=pW1F23yRo0tkql9P2rdcZg}
{"logTime": "0310/155039", "correlationVector":"pW1F23yRo0tkql9P2rdcZg.1","action":"SyncServerConnectionManagerRequest", "result":"SYNC_SERVER_OK", "context":{"environment":"Prod_centralus_prod-s01-068-nam-centralus", "migrationStage":"NotStarted", "server":"akswtt00200002m"}}
{"logTime": "0310/155039", "correlationVector":"pW1F23yRo0tkql9P2rdcZg.2","action":"ProcessGetUpdates", "result":"Done", "context":{"dataType":"History", "deleted":"0", "process_failed_to_decrypt":"0", "process_pending_decryption":"0", "process_success":"250", "total":"250"}}
{"logTime": "0310/155039", "correlationVector":"pW1F23yRo0tkql9P2rdcZg.3","action":"GetUpdates Response", "result":"Success", "context":Received 250 update(s). cV=pW1F23yRo0tkql9P2rdcZg.0;server=akswtt00200002m;cloudType=Consumer;environment=Prod_centralus_prod-s01-068-nam-centralus;migrationStage=NotStarted Some updates remain.}
{"logTime": "0310/155039", "correlationVector":"oqrzGgYnfrr8oFnAGVoH9X","action":"Initial GetUpdates", "result":"", "context":Reason: RECONFIGURATION. cV=oqrzGgYnfrr8oFnAGVoH9X}
{"logTime": "0310/155040", "correlationVector":"oqrzGgYnfrr8oFnAGVoH9X.1","action":"SyncServerConnectionManagerRequest", "result":"SYNC_SERVER_OK", "context":{"environment":"Prod_westus_prod-s01-081-nam-westus", "migrationStage":"NotStarted", "server":"akswtt102000017"}}
{"logTime": "0310/155040", "correlationVector":"oqrzGgYnfrr8oFnAGVoH9X.2","action":"ProcessGetUpdates", "result":"Done", "context":{"dataType":"History", "deleted":"0", "process_failed_to_decrypt":"0", "process_pending_decryption":"0", "process_success":"250", "total":"250"}}
{"logTime": "0310/155040", "correlationVector":"oqrzGgYnfrr8oFnAGVoH9X.3","action":"GetUpdates Response", "result":"Success", "context":Received 250 update(s). cV=oqrzGgYnfrr8oFnAGVoH9X.0;server=akswtt102000017;cloudType=Consumer;environment=Prod_westus_prod-s01-081-nam-westus;migrationStage=NotStarted Some updates remain.}
{"logTime": "0310/155040", "correlationVector":"QFixwRdYtgblzQrQCzuXyZ","action":"Initial GetUpdates", "result":"", "context":Reason: RECONFIGURATION. cV=QFixwRdYtgblzQrQCzuXyZ}
{"logTime": "0310/155040", "correlationVector":"QFixwRdYtgblzQrQCzuXyZ.1","action":"SyncServerConnectionManagerRequest", "result":"SYNC_SERVER_OK", "context":{"environment":"Prod_westus_prod-s01-081-nam-westus", "migrationStage":"NotStarted", "server":"akswtt10200000n"}}
{"logTime": "0310/155040", "correlationVector":"QFixwRdYtgblzQrQCzuXyZ.2","action":"ProcessGetUpdates", "result":"Done", "context":{"dataType":"History", "deleted":"0", "process_failed_to_decrypt":"0", "process_pending_decryption":"0", "process_success":"250", "total":"250"}}
{"logTime": "0310/155040", "correlationVector":"QFixwRdYtgblzQrQCzuXyZ.3","action":"GetUpdates Response", "result":"Success", "context":Received 250 update(s). cV=QFixwRdYtgblzQrQCzuXyZ.0;server=akswtt10200000n;cloudType=Consumer;environment=Prod_westus_prod-s01-081-nam-westus;migrationStage=NotStarted Some updates remain.}
{"logTime": "0310/155040", "correlationVector":"XsZ700QXm45qWr7mGOfRe9","action":"Initial GetUpdates", "result":"", "context":Reason: RECONFIGURATION. cV=XsZ700QXm45qWr7mGOfRe9}
{"logTime": "0310/155041", "correlationVector":"XsZ700QXm45qWr7mGOfRe9.1","action":"SyncServerConnectionManagerRequest", "result":"SYNC_SERVER_OK", "context":{"environment":"Prod_centralus_prod-s01-068-nam-centralus", "migrationStage":"NotStarted", "server":"akswtt002000034"}}
{"logTime": "0310/155041", "correlationVector":"XsZ700QXm45qWr7mGOfRe9.2","action":"ProcessGetUpdates", "result":"Done", "context":{"dataType":"History", "deleted":"0", "process_failed_to_decrypt":"0", "process_pending_decryption":"0", "process_success":"250", "total":"250"}}
{"logTime": "0310/155041", "correlationVector":"XsZ700QXm45qWr7mGOfRe9.3","action":"GetUpdates Response", "result":"Success", "context":Received 250 update(s). cV=XsZ700QXm45qWr7mGOfRe9.0;server=akswtt002000034;cloudType=Consumer;environment=Prod_centralus_prod-s01-068-nam-centralus;migrationStage=NotStarted Some updates remain.}
{"logTime": "0310/155041", "correlationVector":"p1S5E5Q3NkmqA0TdrLg8Wv","action":"Initial GetUpdates", "result":"", "context":Reason: RECONFIGURATION. cV=p1S5E5Q3NkmqA0TdrLg8Wv}
{"logTime": "0310/155041", "correlationVector":"p1S5E5Q3NkmqA0TdrLg8Wv.1","action":"SyncServerConnectionManagerRequest", "result":"SYNC_SERVER_OK", "context":{"environment":"Prod_centralus_prod-s01-068-nam-centralus", "migrationStage":"NotStarted", "server":"akswtt002000023"}}
{"logTime": "0310/155041", "correlationVector":"p1S5E5Q3NkmqA0TdrLg8Wv.2","action":"ProcessGetUpdates", "result":"Done", "context":{"dataType":"History", "deleted":"0", "process_failed_to_decrypt":"0", "process_pending_decryption":"0", "process_success":"250", "total":"250"}}
{"logTime": "0310/155041", "correlationVector":"p1S5E5Q3NkmqA0TdrLg8Wv.3","action":"GetUpdates Response", "result":"Success", "context":Received 250 update(s). cV=p1S5E5Q3NkmqA0TdrLg8Wv.0;server=akswtt002000023;cloudType=Consumer;environment=Prod_centralus_prod-s01-068-nam-centralus;migrationStage=NotStarted Some updates remain.}
{"logTime": "0310/155041", "correlationVector":"U13Aor0ZSVW2d7mgHYz0lb","action":"Initial GetUpdates", "result":"", "context":Reason: RECONFIGURATION. cV=U13Aor0ZSVW2d7mgHYz0lb}
{"logTime": "0310/155042", "correlationVector":"U13Aor0ZSVW2d7mgHYz0lb.1","action":"SyncServerConnectionManagerRequest", "result":"SYNC_SERVER_OK", "context":{"environment":"Prod_westus_prod-s01-081-nam-westus", "migrationStage":"NotStarted", "server":"akswtt10200001c"}}
{"logTime": "0310/155042", "correlationVector":"U13Aor0ZSVW2d7mgHYz0lb.2","action":"ProcessGetUpdates", "result":"Done", "context":{"dataType":"History", "deleted":"0", "process_failed_to_decrypt":"0", "process_pending_decryption":"0", "process_success":"250", "total":"250"}}
{"logTime": "0310/155042", "correlationVector":"U13Aor0ZSVW2d7mgHYz0lb.3","action":"GetUpdates Response", "result":"Success", "context":Received 250 update(s). cV=U13Aor0ZSVW2d7mgHYz0lb.0;server=akswtt10200001c;cloudType=Consumer;environment=Prod_westus_prod-s01-081-nam-westus;migrationStage=NotStarted Some updates remain.}
{"logTime": "0310/155042", "correlationVector":"O44waUZrY2JKv8a2bLVjYa","action":"Initial GetUpdates", "result":"", "context":Reason: RECONFIGURATION. cV=O44waUZrY2JKv8a2bLVjYa}
{"logTime": "0310/155043", "correlationVector":"O44waUZrY2JKv8a2bLVjYa.1","action":"SyncServerConnectionManagerRequest", "result":"SYNC_SERVER_OK", "context":{"environment":"Prod_westus_prod-s01-081-nam-westus", "migrationStage":"NotStarted", "server":"akswtt102000002"}}
{"logTime": "0310/155043", "correlationVector":"O44waUZrY2JKv8a2bLVjYa.2","action":"ProcessGetUpdates", "result":"Done", "context":{"dataType":"History", "deleted":"0", "process_failed_to_decrypt":"0", "process_pending_decryption":"0", "process_success":"250", "total":"250"}}
{"logTime": "0310/155043", "correlationVector":"O44waUZrY2JKv8a2bLVjYa.3","action":"GetUpdates Response", "result":"Success", "context":Received 250 update(s). cV=O44waUZrY2JKv8a2bLVjYa.0;server=akswtt102000002;cloudType=Consumer;environment=Prod_westus_prod-s01-081-nam-westus;migrationStage=NotStarted Some updates remain.}
{"logTime": "0310/155043", "correlationVector":"DQMV9lmxpboQrNumIfkIb/","action":"Initial GetUpdates", "result":"", "context":Reason: RECONFIGURATION. cV=DQMV9lmxpboQrNumIfkIb/}
{"logTime": "0310/155044", "correlationVector":"DQMV9lmxpboQrNumIfkIb/.1","action":"SyncServerConnectionManagerRequest", "result":"SYNC_SERVER_OK", "context":{"environment":"Prod_westus_prod-s01-081-nam-westus", "migrationStage":"NotStarted", "server":"akswtt102000001"}}
{"logTime": "0310/155044", "correlationVector":"DQMV9lmxpboQrNumIfkIb/.2","action":"ProcessGetUpdates", "result":"Done", "context":{"dataType":"History", "deleted":"0", "process_failed_to_decrypt":"0", "process_pending_decryption":"0", "process_success":"250", "total":"250"}}
{"logTime": "0310/155044", "correlationVector":"DQMV9lmxpboQrNumIfkIb/.3","action":"GetUpdates Response", "result":"Success", "context":Received 250 update(s). cV=DQMV9lmxpboQrNumIfkIb/.0;server=akswtt102000001;cloudType=Consumer;environment=Prod_westus_prod-s01-081-nam-westus;migrationStage=NotStarted Some updates remain.}
{"logTime": "0310/155044", "correlationVector":"Y3WWeZmG2X6S3EOeW32JmE","action":"Initial GetUpdates", "result":"", "context":Reason: RECONFIGURATION. cV=Y3WWeZmG2X6S3EOeW32JmE}
{"logTime": "0310/155044", "correlationVector":"Y3WWeZmG2X6S3EOeW32JmE.1","action":"SyncServerConnectionManagerRequest", "result":"SYNC_SERVER_OK", "context":{"environment":"Prod_centralus_prod-s01-068-nam-centralus", "migrationStage":"NotStarted", "server":"akswtt002000027"}}
{"logTime": "0310/155044", "correlationVector":"Y3WWeZmG2X6S3EOeW32JmE.2","action":"ProcessGetUpdates", "result":"Done", "context":{"dataType":"History", "deleted":"0", "process_failed_to_decrypt":"0", "process_pending_decryption":"0", "process_success":"250", "total":"250"}}
{"logTime": "0310/155044", "correlationVector":"Y3WWeZmG2X6S3EOeW32JmE.3","action":"GetUpdates Response", "result":"Success", "context":Received 250 update(s). cV=Y3WWeZmG2X6S3EOeW32JmE.0;server=akswtt002000027;cloudType=Consumer;environment=Prod_centralus_prod-s01-068-nam-centralus;migrationStage=NotStarted Some updates remain.}
{"logTime": "0310/155044", "correlationVector":"em3BL7m6CdT1E9V1H2G3nN","action":"Initial GetUpdates", "result":"", "context":Reason: RECONFIGURATION. cV=em3BL7m6CdT1E9V1H2G3nN}
{"logTime": "0310/155044", "correlationVector":"em3BL7m6CdT1E9V1H2G3nN.1","action":"SyncServerConnectionManagerRequest", "result":"SYNC_SERVER_OK", "context":{"environment":"Prod_centralus_prod-s01-068-nam-centralus", "migrationStage":"NotStarted", "server":"akswtt002000000"}}
{"logTime": "0310/155044", "correlationVector":"em3BL7m6CdT1E9V1H2G3nN.2","action":"ProcessGetUpdates", "result":"Done", "context":{"dataType":"History", "deleted":"0", "process_failed_to_decrypt":"0", "process_pending_decryption":"0", "process_success":"141", "total":"141"}}
{"logTime": "0310/155044", "correlationVector":"em3BL7m6CdT1E9V1H2G3nN.3","action":"GetUpdates Response", "result":"Success", "context":Received 141 update(s). cV=em3BL7m6CdT1E9V1H2G3nN.0;server=akswtt002000000;cloudType=Consumer;environment=Prod_centralus_prod-s01-068-nam-centralus;migrationStage=NotStarted}
{"logTime": "0310/155044", "correlationVector":"Xad7O1t427rajqknFvlnzV","action":"Normal GetUpdate request", "result":"", "context":cV=Xad7O1t427rajqknFvlnzV
Nudged types: Preferences, Passwords, Autofill Profiles, Autofill, Sessions, Device Info, History, Edge Hub App Usage
Refresh requested types: Bookmarks, Preferences, Passwords, Autofill Profiles, Autofill, Extensions, Sessions, Extension settings, History Delete Directives, Device Info, User Consents, Send Tab To Self, Web Apps, History, Saved Tab Group, WebAuthn Credentials, Collection, Edge E Drop, Edge Hub App Usage, Edge Wallet, Edge Workspace, Encryption Keys}
{"logTime": "0310/155045", "correlationVector":"Xad7O1t427rajqknFvlnzV.1","action":"SyncServerConnectionManagerRequest", "result":"SYNC_SERVER_OK", "context":{"environment":"Prod_westus_prod-s01-081-nam-westus", "migrationStage":"NotStarted", "server":"akswtt102000004"}}
{"logTime": "0310/155045", "correlationVector":"Xad7O1t427rajqknFvlnzV.2","action":"GetUpdates Response", "result":"Success", "context":Received 0 update(s). cV=Xad7O1t427rajqknFvlnzV.0;server=akswtt102000004;cloudType=Consumer;environment=Prod_westus_prod-s01-081-nam-westus;migrationStage=NotStarted}
{"logTime": "0310/155045", "correlationVector":"peCfGsCCpId697qd63HsnR","action":"Commit Request", "result":"", "context":Item count: 40
Contributing types: Preferences, Passwords, Autofill Profiles, Autofill, Sessions, Device Info, History, Edge Hub App Usage}
{"logTime": "0310/155047", "correlationVector":"peCfGsCCpId697qd63HsnR.1","action":"SyncServerConnectionManagerRequest", "result":"SYNC_SERVER_OK", "context":{"environment":"Prod_westus_prod-s01-081-nam-westus", "migrationStage":"NotStarted", "server":"akswtt102000004"}}
{"logTime": "0310/155047", "correlationVector":"peCfGsCCpId697qd63HsnR.2","action":"Commit Response", "result":"Success", "context":Result: Success. cV=peCfGsCCpId697qd63HsnR.0;server=akswtt102000004;cloudType=Consumer;environment=Prod_westus_prod-s01-081-nam-westus;migrationStage=NotStarted}
{"logTime": "0310/155047", "correlationVector":"k627MiC4MtvqLe6sUDYVo7","action":"Commit Request", "result":"", "context":Item count: 4
Contributing types: History}
{"logTime": "0310/155047", "correlationVector":"k627MiC4MtvqLe6sUDYVo7.1","action":"SyncServerConnectionManagerRequest", "result":"SYNC_SERVER_OK", "context":{"environment":"Prod_westus_prod-s01-081-nam-westus", "migrationStage":"NotStarted", "server":"akswtt10200000b"}}
{"logTime": "0310/155047", "correlationVector":"k627MiC4MtvqLe6sUDYVo7.2","action":"Commit Response", "result":"Success", "context":Result: Success. cV=k627MiC4MtvqLe6sUDYVo7.0;server=akswtt10200000b;cloudType=Consumer;environment=Prod_westus_prod-s01-081-nam-westus;migrationStage=NotStarted}
{"logTime": "0310/155048", "correlationVector":"Fsn9+ZDKn4SE0qDpgv1hCc","action":"Commit Request", "result":"", "context":Item count: 25
Contributing types: Passwords}
{"logTime": "0310/155049", "correlationVector":"Fsn9+ZDKn4SE0qDpgv1hCc.1","action":"SyncServerConnectionManagerRequest", "result":"SYNC_SERVER_OK", "context":{"environment":"Prod_centralus_prod-s01-068-nam-centralus", "migrationStage":"NotStarted", "server":"akswtt00200002z"}}
{"logTime": "0310/155049", "correlationVector":"Fsn9+ZDKn4SE0qDpgv1hCc.2","action":"Commit Response", "result":"Success", "context":Result: Success. cV=Fsn9+ZDKn4SE0qDpgv1hCc.0;server=akswtt00200002z;cloudType=Consumer;environment=Prod_centralus_prod-s01-068-nam-centralus;migrationStage=NotStarted}
{"logTime": "0310/155150", "correlationVector":"i76zqad7zosr3btXWg586M","action":"Commit Request", "result":"", "context":Item count: 8
Contributing types: Sessions, History}
{"logTime": "0310/155151", "correlationVector":"i76zqad7zosr3btXWg586M.1","action":"SyncServerConnectionManagerRequest", "result":"SYNC_SERVER_OK", "context":{"environment":"Prod_westus_prod-s01-081-nam-westus", "migrationStage":"NotStarted", "server":"akswtt102000003"}}
{"logTime": "0310/155151", "correlationVector":"i76zqad7zosr3btXWg586M.3","action":"Commit.Sessions", "result":"Success", "context":{"id":"b35d8b63-d57c-4ddb-bbb4-5163988ec4b5", "isDeleted":"true", "size":"0", "version":"1773157845893"}}
{"logTime": "0310/155151", "correlationVector":"i76zqad7zosr3btXWg586M.4","action":"Commit.Sessions", "result":"Success", "context":{"id":"65276098-c065-40c7-8d7d-488922c0ee8b", "isDeleted":"true", "size":"0", "version":"1773157845895"}}
{"logTime": "0310/155151", "correlationVector":"i76zqad7zosr3btXWg586M.2","action":"Commit Response", "result":"Success", "context":Result: Success. cV=i76zqad7zosr3btXWg586M.0;server=akswtt102000003;cloudType=Consumer;environment=Prod_westus_prod-s01-081-nam-westus;migrationStage=NotStarted}
{"logTime": "0310/155212", "correlationVector":"BAIZ2fC/+2n236GhGfWBkf","action":"Commit Request", "result":"", "context":Item count: 1
Contributing types: Extensions}
{"logTime": "0310/155212", "correlationVector":"BAIZ2fC/+2n236GhGfWBkf.1","action":"SyncServerConnectionManagerRequest", "result":"SYNC_SERVER_OK", "context":{"environment":"Prod_centralus_prod-s01-068-nam-centralus", "migrationStage":"NotStarted", "server":"akswtt00200002o"}}
{"logTime": "0310/155212", "correlationVector":"BAIZ2fC/+2n236GhGfWBkf.2","action":"Commit Response", "result":"Success", "context":Result: Success. cV=BAIZ2fC/+2n236GhGfWBkf.0;server=akswtt00200002o;cloudType=Consumer;environment=Prod_centralus_prod-s01-068-nam-centralus;migrationStage=NotStarted}
{"logTime": "0310/155217", "correlationVector":"V8BY3NS6MsCsr8jT5BP1fP","action":"Commit Request", "result":"", "context":Item count: 1
Contributing types: Extensions}
{"logTime": "0310/155217", "correlationVector":"V8BY3NS6MsCsr8jT5BP1fP.1","action":"SyncServerConnectionManagerRequest", "result":"SYNC_SERVER_OK", "context":{"environment":"Prod_centralus_prod-s01-068-nam-centralus", "migrationStage":"NotStarted", "server":"akswtt00200000e"}}
{"logTime": "0310/155217", "correlationVector":"V8BY3NS6MsCsr8jT5BP1fP.2","action":"Commit Response", "result":"Success", "context":Result: Success. cV=V8BY3NS6MsCsr8jT5BP1fP.0;server=akswtt00200000e;cloudType=Consumer;environment=Prod_centralus_prod-s01-068-nam-centralus;migrationStage=NotStarted}
{"logTime": "0310/155226", "correlationVector":"Y7Hh+vmVgaEU89GqfvLRIv","action":"Commit Request", "result":"", "context":Item count: 1
Contributing types: Extensions}
{"logTime": "0310/155226", "correlationVector":"Y7Hh+vmVgaEU89GqfvLRIv.1","action":"SyncServerConnectionManagerRequest", "result":"SYNC_SERVER_OK", "context":{"environment":"Prod_centralus_prod-s01-068-nam-centralus", "migrationStage":"NotStarted", "server":"akswtt002000033"}}
{"logTime": "0310/155226", "correlationVector":"Y7Hh+vmVgaEU89GqfvLRIv.2","action":"Commit Response", "result":"Success", "context":Result: Success. cV=Y7Hh+vmVgaEU89GqfvLRIv.0;server=akswtt002000033;cloudType=Consumer;environment=Prod_centralus_prod-s01-068-nam-centralus;migrationStage=NotStarted}
{"logTime": "0310/155228", "correlationVector":"fycYvK8vWia4uxtfPMsTch","action":"Commit Request", "result":"", "context":Item count: 1
Contributing types: Extensions}
{"logTime": "0310/155228", "correlationVector":"fycYvK8vWia4uxtfPMsTch.1","action":"SyncServerConnectionManagerRequest", "result":"SYNC_SERVER_OK", "context":{"environment":"Prod_westus_prod-s01-081-nam-westus", "migrationStage":"NotStarted", "server":"akswtt102000003"}}
{"logTime": "0310/155228", "correlationVector":"fycYvK8vWia4uxtfPMsTch.2","action":"Commit Response", "result":"Success", "context":Result: Success. cV=fycYvK8vWia4uxtfPMsTch.0;server=akswtt102000003;cloudType=Consumer;environment=Prod_westus_prod-s01-081-nam-westus;migrationStage=NotStarted}
{"logTime": "0310/155314", "correlationVector":"YDX1POU0s4HstNN16BotqN","action":"Commit Request", "result":"", "context":Item count: 1
Contributing types: Preferences}
{"logTime": "0310/155314", "correlationVector":"YDX1POU0s4HstNN16BotqN.1","action":"SyncServerConnectionManagerRequest", "result":"SYNC_SERVER_OK", "context":{"environment":"Prod_westus_prod-s01-081-nam-westus", "migrationStage":"NotStarted", "server":"akswtt10200000a"}}
{"logTime": "0310/155314", "correlationVector":"YDX1POU0s4HstNN16BotqN.2","action":"Commit Response", "result":"Success", "context":Result: Success. cV=YDX1POU0s4HstNN16BotqN.0;server=akswtt10200000a;cloudType=Consumer;environment=Prod_westus_prod-s01-081-nam-westus;migrationStage=NotStarted}
{"logTime": "0310/155318", "correlationVector":"rXzX5FIaq1ApD1lRXRupTS","action":"Commit Request", "result":"", "context":Item count: 1
Contributing types: Preferences}
{"logTime": "0310/155318", "correlationVector":"rXzX5FIaq1ApD1lRXRupTS.1","action":"SyncServerConnectionManagerRequest", "result":"SYNC_SERVER_OK", "context":{"environment":"Prod_centralus_prod-s01-068-nam-centralus", "migrationStage":"NotStarted", "server":"akswtt00200001p"}}
{"logTime": "0310/155318", "correlationVector":"rXzX5FIaq1ApD1lRXRupTS.2","action":"Commit Response", "result":"Success", "context":Result: Success. cV=rXzX5FIaq1ApD1lRXRupTS.0;server=akswtt00200001p;cloudType=Consumer;environment=Prod_centralus_prod-s01-068-nam-centralus;migrationStage=NotStarted}
{"logTime": "0310/155458", "correlationVector":"DfGBM7CEOZsQJ3N1NbdzXJ","action":"Commit Request", "result":"", "context":Item count: 4
Contributing types: Sessions, History}
{"logTime": "0310/155458", "correlationVector":"DfGBM7CEOZsQJ3N1NbdzXJ.1","action":"SyncServerConnectionManagerRequest", "result":"SYNC_SERVER_OK", "context":{"environment":"Prod_westus_prod-s01-081-nam-westus", "migrationStage":"NotStarted", "server":"akswtt10200000t"}}
{"logTime": "0310/155458", "correlationVector":"DfGBM7CEOZsQJ3N1NbdzXJ.2","action":"Commit Response", "result":"Success", "context":Result: Success. cV=DfGBM7CEOZsQJ3N1NbdzXJ.0;server=akswtt10200000t;cloudType=Consumer;environment=Prod_westus_prod-s01-081-nam-westus;migrationStage=NotStarted}
{"logTime": "0310/155500", "correlationVector":"WRQGdxcbRgw3pb2cAPg89Y","action":"Normal GetUpdate request", "result":"", "context":cV=WRQGdxcbRgw3pb2cAPg89Y
Notified types: History}
{"logTime": "0310/155500", "correlationVector":"WRQGdxcbRgw3pb2cAPg89Y.1","action":"SyncServerConnectionManagerRequest", "result":"SYNC_SERVER_OK", "context":{"environment":"Prod_centralus_prod-s01-068-nam-centralus", "migrationStage":"NotStarted", "server":"akswtt002000028"}}
{"logTime": "0310/155500", "correlationVector":"WRQGdxcbRgw3pb2cAPg89Y.2","action":"ProcessGetUpdates", "result":"Done", "context":{"dataType":"Preferences", "deleted":"0", "process_failed_to_decrypt":"0", "process_pending_decryption":"0", "process_success":"5", "total":"5"}}
{"logTime": "0310/155500", "correlationVector":"WRQGdxcbRgw3pb2cAPg89Y.3","action":"ProcessGetUpdates", "result":"Done", "context":{"dataType":"Passwords", "deleted":"0", "process_failed_to_decrypt":"0", "process_pending_decryption":"0", "process_success":"25", "total":"25"}}
{"logTime": "0310/155500", "correlationVector":"WRQGdxcbRgw3pb2cAPg89Y.4","action":"ProcessGetUpdates", "result":"Done", "context":{"dataType":"Autofill Profiles", "deleted":"0", "process_failed_to_decrypt":"0", "process_pending_decryption":"0", "process_success":"2", "total":"2"}}
{"logTime": "0310/155500", "correlationVector":"WRQGdxcbRgw3pb2cAPg89Y.5","action":"ProcessGetUpdates", "result":"Done", "context":{"dataType":"Autofill", "deleted":"0", "process_failed_to_decrypt":"0", "process_pending_decryption":"0", "process_success":"1", "total":"1"}}
{"logTime": "0310/155500", "correlationVector":"WRQGdxcbRgw3pb2cAPg89Y.6","action":"ProcessGetUpdates", "result":"Done", "context":{"dataType":"Extensions", "deleted":"0", "process_failed_to_decrypt":"0", "process_pending_decryption":"0", "process_success":"4", "total":"4"}}
{"logTime": "0310/155500", "correlationVector":"WRQGdxcbRgw3pb2cAPg89Y.7","action":"ProcessGetUpdates", "result":"Done", "context":{"dataType":"Sessions", "deleted":"2", "process_failed_to_decrypt":"0", "process_pending_decryption":"0", "process_success":"9", "total":"9"}}
{"logTime": "0310/155500", "correlationVector":"WRQGdxcbRgw3pb2cAPg89Y.8","action":"ProcessGetUpdates", "result":"Done", "context":{"dataType":"Device Info", "deleted":"0", "process_failed_to_decrypt":"0", "process_pending_decryption":"0", "process_success":"1", "total":"1"}}
{"logTime": "0310/155500", "correlationVector":"WRQGdxcbRgw3pb2cAPg89Y.9","action":"ProcessGetUpdates", "result":"Done", "context":{"dataType":"History", "deleted":"0", "process_failed_to_decrypt":"0", "process_pending_decryption":"0", "process_success":"9", "total":"9"}}
{"logTime": "0310/155500", "correlationVector":"WRQGdxcbRgw3pb2cAPg89Y.10","action":"ProcessGetUpdates", "result":"Done", "context":{"dataType":"Edge Hub App Usage", "deleted":"0", "process_failed_to_decrypt":"0", "process_pending_decryption":"0", "process_success":"1", "total":"1"}}
{"logTime": "0310/155500", "correlationVector":"WRQGdxcbRgw3pb2cAPg89Y.11","action":"GetUpdates Response", "result":"Success", "context":Received 57 update(s). cV=WRQGdxcbRgw3pb2cAPg89Y.0;server=akswtt002000028;cloudType=Consumer;environment=Prod_centralus_prod-s01-068-nam-centralus;migrationStage=NotStarted}
{"logTime": "0310/155535", "correlationVector":"uV3f34UjcBqIbzq4coSZQZ","action":"Commit Request", "result":"", "context":Item count: 2
Contributing types: Preferences, Sessions}
{"logTime": "0310/155535", "correlationVector":"uV3f34UjcBqIbzq4coSZQZ.1","action":"SyncServerConnectionManagerRequest", "result":"SYNC_SERVER_OK", "context":{"environment":"Prod_centralus_prod-s01-068-nam-centralus", "migrationStage":"NotStarted", "server":"akswtt002000000"}}
{"logTime": "0310/155535", "correlationVector":"uV3f34UjcBqIbzq4coSZQZ.2","action":"Commit Response", "result":"Success", "context":Result: Success. cV=uV3f34UjcBqIbzq4coSZQZ.0;server=akswtt002000000;cloudType=Consumer;environment=Prod_centralus_prod-s01-068-nam-centralus;migrationStage=NotStarted}
